   1              		.syntax unified
   2              		.cpu cortex-m3
   3              		.fpu softvfp
   4              		.eabi_attribute 20, 1
   5              		.eabi_attribute 21, 1
   6              		.eabi_attribute 23, 3
   7              		.eabi_attribute 24, 1
   8              		.eabi_attribute 25, 1
   9              		.eabi_attribute 26, 1
  10              		.eabi_attribute 30, 6
  11              		.eabi_attribute 34, 1
  12              		.eabi_attribute 18, 4
  13              		.thumb
  14              		.file	"smallLEDPanel.c"
  15              		.text
  16              	.Ltext0:
  17              		.cfi_sections	.debug_frame
  18              		.section	.text.smallLEDPanel_Init,"ax",%progbits
  19              		.align	2
  20              		.global	smallLEDPanel_Init
  21              		.thumb
  22              		.thumb_func
  24              	smallLEDPanel_Init:
  25              	.LFB0:
  26              		.file 1 "../Work/Sources/smallLEDPanel.c"
   1:../Work/Sources/smallLEDPanel.c **** /*
   2:../Work/Sources/smallLEDPanel.c ****  * smallLEDPanel.c
   3:../Work/Sources/smallLEDPanel.c ****  *
   4:../Work/Sources/smallLEDPanel.c ****  *  Created on: 08.04.2013
   5:../Work/Sources/smallLEDPanel.c ****  *      Author: frolls
   6:../Work/Sources/smallLEDPanel.c ****  */
   7:../Work/Sources/smallLEDPanel.c **** #include "smallLEDPanel.h"
   8:../Work/Sources/smallLEDPanel.c **** 
   9:../Work/Sources/smallLEDPanel.c **** void smallLEDPanel_Init(void)//GPIO_TypeDef * GPIOx, u16 PIN_CLK, u16 PIN_SDI, u16 PIN_LE)
  10:../Work/Sources/smallLEDPanel.c **** {
  27              		.loc 1 10 0
  28              		.cfi_startproc
  29              		@ args = 0, pretend = 0, frame = 0
  30              		@ frame_needed = 1, uses_anonymous_args = 0
  31              		@ link register save eliminated.
  32 0000 80B4     		push	{r7}
  33              	.LCFI0:
  34              		.cfi_def_cfa_offset 4
  35              		.cfi_offset 7, -4
  36 0002 00AF     		add	r7, sp, #0
  37              	.LCFI1:
  38              		.cfi_def_cfa_register 7
  11:../Work/Sources/smallLEDPanel.c **** 	//GPIO_InitTypeDef GPIO_InitStructure;
  12:../Work/Sources/smallLEDPanel.c **** 	//GPIO_InitStructure.GPIO_Pin   = PIN_CLK ;//| PIN_SDI;// | PIN_LE;
  13:../Work/Sources/smallLEDPanel.c **** 	//GPIO_InitStructure.GPIO_Speed = GPIO_Speed_50MHz;
  14:../Work/Sources/smallLEDPanel.c **** 	//GPIO_InitStructure.GPIO_Mode  = GPIO_Mode_Out_PP;
  15:../Work/Sources/smallLEDPanel.c **** 	//GPIO_Init(GPIOx, &GPIO_InitStructure);
  16:../Work/Sources/smallLEDPanel.c **** }
  39              		.loc 1 16 0
  40 0004 BD46     		mov	sp, r7
  41 0006 80BC     		pop	{r7}
  42 0008 7047     		bx	lr
  43              		.cfi_endproc
  44              	.LFE0:
  46 000a 00BF     		.section	.text.smallLEDPanel_Inc,"ax",%progbits
  47              		.align	2
  48              		.global	smallLEDPanel_Inc
  49              		.thumb
  50              		.thumb_func
  52              	smallLEDPanel_Inc:
  53              	.LFB1:
  17:../Work/Sources/smallLEDPanel.c **** 
  18:../Work/Sources/smallLEDPanel.c **** void smallLEDPanel_Inc(void)
  19:../Work/Sources/smallLEDPanel.c **** {
  54              		.loc 1 19 0
  55              		.cfi_startproc
  56              		@ args = 0, pretend = 0, frame = 0
  57              		@ frame_needed = 1, uses_anonymous_args = 0
  58              		@ link register save eliminated.
  59 0000 80B4     		push	{r7}
  60              	.LCFI2:
  61              		.cfi_def_cfa_offset 4
  62              		.cfi_offset 7, -4
  63 0002 00AF     		add	r7, sp, #0
  64              	.LCFI3:
  65              		.cfi_def_cfa_register 7
  20:../Work/Sources/smallLEDPanel.c **** 	//PIN_ON(smallLEDPanel_LE);
  21:../Work/Sources/smallLEDPanel.c **** 
  22:../Work/Sources/smallLEDPanel.c **** 	//PIN_ON(smallLEDPanel_SDI);
  23:../Work/Sources/smallLEDPanel.c **** 	//PIN_ON(smallLEDPanel_CLK);
  24:../Work/Sources/smallLEDPanel.c **** 	//PIN_ON(smallLEDPanel_CLK);
  25:../Work/Sources/smallLEDPanel.c **** 	//PIN_ON(smallLEDPanel_CLK);
  26:../Work/Sources/smallLEDPanel.c **** 	//PIN_ON(smallLEDPanel_CLK);
  27:../Work/Sources/smallLEDPanel.c **** }
  66              		.loc 1 27 0
  67 0004 BD46     		mov	sp, r7
  68 0006 80BC     		pop	{r7}
  69 0008 7047     		bx	lr
  70              		.cfi_endproc
  71              	.LFE1:
  73 000a 00BF     		.text
  74              	.Letext0:
DEFINED SYMBOLS
                            *ABS*:00000000 smallLEDPanel.c
     /tmp/ccSzbtkm.s:19     .text.smallLEDPanel_Init:00000000 $t
     /tmp/ccSzbtkm.s:24     .text.smallLEDPanel_Init:00000000 smallLEDPanel_Init
     /tmp/ccSzbtkm.s:47     .text.smallLEDPanel_Inc:00000000 $t
     /tmp/ccSzbtkm.s:52     .text.smallLEDPanel_Inc:00000000 smallLEDPanel_Inc
                     .debug_frame:00000010 $d

NO UNDEFINED SYMBOLS
