Archive member included because of file (symbol)

/home/frolls/ARM/gcc-arm-none-eabi-4_7-2012q4/bin/../lib/gcc/arm-none-eabi/4.7.3/../../../../arm-none-eabi/lib/armv7-m/libg.a(lib_a-assert.o)
                              ./FreeModbus/modbus/rtu/mbrtu.o (__assert_func)
/home/frolls/ARM/gcc-arm-none-eabi-4_7-2012q4/bin/../lib/gcc/arm-none-eabi/4.7.3/../../../../arm-none-eabi/lib/armv7-m/libg.a(lib_a-fiprintf.o)
                              /home/frolls/ARM/gcc-arm-none-eabi-4_7-2012q4/bin/../lib/gcc/arm-none-eabi/4.7.3/../../../../arm-none-eabi/lib/armv7-m/libg.a(lib_a-assert.o) (fiprintf)
/home/frolls/ARM/gcc-arm-none-eabi-4_7-2012q4/bin/../lib/gcc/arm-none-eabi/4.7.3/../../../../arm-none-eabi/lib/armv7-m/libg.a(lib_a-impure.o)
                              /home/frolls/ARM/gcc-arm-none-eabi-4_7-2012q4/bin/../lib/gcc/arm-none-eabi/4.7.3/../../../../arm-none-eabi/lib/armv7-m/libg.a(lib_a-assert.o) (_impure_ptr)
/home/frolls/ARM/gcc-arm-none-eabi-4_7-2012q4/bin/../lib/gcc/arm-none-eabi/4.7.3/../../../../arm-none-eabi/lib/armv7-m/libg.a(lib_a-memcmp.o)
                              ./FreeRTOS/Sources/tasks.o (memcmp)
/home/frolls/ARM/gcc-arm-none-eabi-4_7-2012q4/bin/../lib/gcc/arm-none-eabi/4.7.3/../../../../arm-none-eabi/lib/armv7-m/libg.a(lib_a-memcpy.o)
                              ./FreeRTOS/Sources/queue.o (memcpy)
/home/frolls/ARM/gcc-arm-none-eabi-4_7-2012q4/bin/../lib/gcc/arm-none-eabi/4.7.3/../../../../arm-none-eabi/lib/armv7-m/libg.a(lib_a-memset.o)
                              ./FreeRTOS/Sources/tasks.o (memset)
/home/frolls/ARM/gcc-arm-none-eabi-4_7-2012q4/bin/../lib/gcc/arm-none-eabi/4.7.3/../../../../arm-none-eabi/lib/armv7-m/libg.a(lib_a-strncpy.o)
                              ./FreeRTOS/Sources/tasks.o (strncpy)
/home/frolls/ARM/gcc-arm-none-eabi-4_7-2012q4/bin/../lib/gcc/arm-none-eabi/4.7.3/../../../../arm-none-eabi/lib/armv7-m/libg.a(lib_a-vfiprintf.o)
                              /home/frolls/ARM/gcc-arm-none-eabi-4_7-2012q4/bin/../lib/gcc/arm-none-eabi/4.7.3/../../../../arm-none-eabi/lib/armv7-m/libg.a(lib_a-fiprintf.o) (_vfiprintf_r)
/home/frolls/ARM/gcc-arm-none-eabi-4_7-2012q4/bin/../lib/gcc/arm-none-eabi/4.7.3/../../../../arm-none-eabi/lib/armv7-m/libg.a(lib_a-wsetup.o)
                              /home/frolls/ARM/gcc-arm-none-eabi-4_7-2012q4/bin/../lib/gcc/arm-none-eabi/4.7.3/../../../../arm-none-eabi/lib/armv7-m/libg.a(lib_a-vfiprintf.o) (__swsetup_r)
/home/frolls/ARM/gcc-arm-none-eabi-4_7-2012q4/bin/../lib/gcc/arm-none-eabi/4.7.3/../../../../arm-none-eabi/lib/armv7-m/libg.a(lib_a-abort.o)
                              /home/frolls/ARM/gcc-arm-none-eabi-4_7-2012q4/bin/../lib/gcc/arm-none-eabi/4.7.3/../../../../arm-none-eabi/lib/armv7-m/libg.a(lib_a-assert.o) (abort)
/home/frolls/ARM/gcc-arm-none-eabi-4_7-2012q4/bin/../lib/gcc/arm-none-eabi/4.7.3/../../../../arm-none-eabi/lib/armv7-m/libg.a(lib_a-fflush.o)
                              /home/frolls/ARM/gcc-arm-none-eabi-4_7-2012q4/bin/../lib/gcc/arm-none-eabi/4.7.3/../../../../arm-none-eabi/lib/armv7-m/libg.a(lib_a-vfiprintf.o) (_fflush_r)
/home/frolls/ARM/gcc-arm-none-eabi-4_7-2012q4/bin/../lib/gcc/arm-none-eabi/4.7.3/../../../../arm-none-eabi/lib/armv7-m/libg.a(lib_a-findfp.o)
                              /home/frolls/ARM/gcc-arm-none-eabi-4_7-2012q4/bin/../lib/gcc/arm-none-eabi/4.7.3/../../../../arm-none-eabi/lib/armv7-m/libg.a(lib_a-vfiprintf.o) (__sinit)
/home/frolls/ARM/gcc-arm-none-eabi-4_7-2012q4/bin/../lib/gcc/arm-none-eabi/4.7.3/../../../../arm-none-eabi/lib/armv7-m/libg.a(lib_a-fputwc.o)
                              /home/frolls/ARM/gcc-arm-none-eabi-4_7-2012q4/bin/../lib/gcc/arm-none-eabi/4.7.3/../../../../arm-none-eabi/lib/armv7-m/libg.a(lib_a-vfiprintf.o) (_fputwc_r)
/home/frolls/ARM/gcc-arm-none-eabi-4_7-2012q4/bin/../lib/gcc/arm-none-eabi/4.7.3/../../../../arm-none-eabi/lib/armv7-m/libg.a(lib_a-freer.o)
                              /home/frolls/ARM/gcc-arm-none-eabi-4_7-2012q4/bin/../lib/gcc/arm-none-eabi/4.7.3/../../../../arm-none-eabi/lib/armv7-m/libg.a(lib_a-wsetup.o) (_free_r)
/home/frolls/ARM/gcc-arm-none-eabi-4_7-2012q4/bin/../lib/gcc/arm-none-eabi/4.7.3/../../../../arm-none-eabi/lib/armv7-m/libg.a(lib_a-fvwrite.o)
                              /home/frolls/ARM/gcc-arm-none-eabi-4_7-2012q4/bin/../lib/gcc/arm-none-eabi/4.7.3/../../../../arm-none-eabi/lib/armv7-m/libg.a(lib_a-vfiprintf.o) (__sfvwrite_r)
/home/frolls/ARM/gcc-arm-none-eabi-4_7-2012q4/bin/../lib/gcc/arm-none-eabi/4.7.3/../../../../arm-none-eabi/lib/armv7-m/libg.a(lib_a-fwalk.o)
                              /home/frolls/ARM/gcc-arm-none-eabi-4_7-2012q4/bin/../lib/gcc/arm-none-eabi/4.7.3/../../../../arm-none-eabi/lib/armv7-m/libg.a(lib_a-findfp.o) (_fwalk)
/home/frolls/ARM/gcc-arm-none-eabi-4_7-2012q4/bin/../lib/gcc/arm-none-eabi/4.7.3/../../../../arm-none-eabi/lib/armv7-m/libg.a(lib_a-locale.o)
[...]
Memory Configuration

Name             Origin             Length             Attributes
FLASH            0x08000000         0x00020000         xr
RAM              0x20000000         0x00002000         xrw
*default*        0x00000000         0xffffffff

Linker script and memory map

LOAD ./Work/Sources/CRC.o
LOAD ./Work/Sources/ds1821.o
LOAD ./Work/Sources/ds1822.o
LOAD ./Work/Sources/oneWire.o
LOAD ./Work/Sources/serial.o
LOAD ./Work/Sources/stm32_GPIO.o
LOAD ./Work/Sources/timer6.o
LOAD ./Work/Headers/rtc.o
LOAD ./StdPeripheralDriver/src/misc.o
LOAD ./StdPeripheralDriver/src/stm32f10x_adc.o
LOAD ./StdPeripheralDriver/src/stm32f10x_bkp.o
LOAD ./StdPeripheralDriver/src/stm32f10x_can.o
LOAD ./StdPeripheralDriver/src/stm32f10x_cec.o
LOAD ./StdPeripheralDriver/src/stm32f10x_crc.o
LOAD ./StdPeripheralDriver/src/stm32f10x_dac.o
LOAD ./StdPeripheralDriver/src/stm32f10x_dbgmcu.o
LOAD ./StdPeripheralDriver/src/stm32f10x_dma.o
LOAD ./StdPeripheralDriver/src/stm32f10x_exti.o
LOAD ./StdPeripheralDriver/src/stm32f10x_flash.o
LOAD ./StdPeripheralDriver/src/stm32f10x_fsmc.o
LOAD ./StdPeripheralDriver/src/stm32f10x_gpio.o
LOAD ./StdPeripheralDriver/src/stm32f10x_i2c.o
LOAD ./StdPeripheralDriver/src/stm32f10x_iwdg.o
LOAD ./StdPeripheralDriver/src/stm32f10x_pwr.o
LOAD ./StdPeripheralDriver/src/stm32f10x_rcc.o
LOAD ./StdPeripheralDriver/src/stm32f10x_rtc.o
LOAD ./StdPeripheralDriver/src/stm32f10x_sdio.o
LOAD ./StdPeripheralDriver/src/stm32f10x_spi.o
LOAD ./StdPeripheralDriver/src/stm32f10x_tim.o
LOAD ./StdPeripheralDriver/src/stm32f10x_usart.o
LOAD ./StdPeripheralDriver/src/stm32f10x_wwdg.o
LOAD ./FreeRTOS/Sources/croutine.o
LOAD ./FreeRTOS/Sources/heap_1.o
LOAD ./FreeRTOS/Sources/list.o
LOAD ./FreeRTOS/Sources/port.o
LOAD ./FreeRTOS/Sources/queue.o
LOAD ./FreeRTOS/Sources/tasks.o
LOAD ./FreeRTOS/Sources/timers.o
LOAD ./FreeModbus/modbus/rtu/mbcrc.o
LOAD ./FreeModbus/modbus/rtu/mbrtu.o
LOAD ./FreeModbus/modbus/functions/mbfunccoils.o
LOAD ./FreeModbus/modbus/functions/mbfuncdiag.o
LOAD ./FreeModbus/modbus/functions/mbfuncdisc.o
LOAD ./FreeModbus/modbus/functions/mbfuncholding.o
LOAD ./FreeModbus/modbus/functions/mbfuncinput.o
LOAD ./FreeModbus/modbus/functions/mbfuncother.o
LOAD ./FreeModbus/modbus/functions/mbutils.o
LOAD ./FreeModbus/modbus/mb.o
LOAD ./FreeModbus/STM32/port/portevent.o
LOAD ./FreeModbus/STM32/port/portserial.o
LOAD ./FreeModbus/STM32/port/porttimer.o
LOAD ./FreeModbus/STM32/demo.o
LOAD ./CMSIS/core_cm3.o
LOAD ./CMSIS/startup_stm32f10x_md_vl.o
LOAD ./CMSIS/system_stm32f10x.o
LOAD ./.metadata/.plugins/org.eclipse.cdt.make.core/specs.o
LOAD ./main.o
START GROUP
LOAD /home/frolls/ARM/gcc-arm-none-eabi-4_7-2012q4/bin/../lib/gcc/arm-none-eabi/4.7.3/armv7-m/libgcc.a
LOAD /home/frolls/ARM/gcc-arm-none-eabi-4_7-2012q4/bin/../lib/gcc/arm-none-eabi/4.7.3/../../../../arm-none-eabi/lib/armv7-m/libg.a
LOAD /home/frolls/ARM/gcc-arm-none-eabi-4_7-2012q4/bin/../lib/gcc/arm-none-eabi/4.7.3/../../../../arm-none-eabi/lib/armv7-m/libc.a
END GROUP
                0x20002000                _estack = (ORIGIN (RAM) + 0x2000)
                0x00000000                MIN_HEAP_SIZE = 0x0
                0x00000100                MIN_STACK_SIZE = 0x100

.isr_vector     0x08000000      0x1d0
                0x08000000                . = ALIGN (0x4)
 *(.isr_vector)
 .isr_vector    0x08000000      0x1d0 ./CMSIS/startup_stm32f10x_md_vl.o
                0x08000000                g_pfnVectors
                0x080001d0                . = ALIGN (0x4)

.text           0x080001d0     0x4864
                0x080001d0                . = ALIGN (0x4)
 *(.text)
 *(.text*)
 .text.DS1821_Start_Conversion
                0x080001d0       0x44 ./Work/Sources/ds1821.o
                0x080001d0                DS1821_Start_Conversion
 .text.DS1821_Read_Temp
                0x08000214       0x58 ./Work/Sources/ds1821.o
                0x08000214                DS1821_Read_Temp
 .text.One_Wire_Reset
                0x0800026c       0x98 ./Work/Sources/oneWire.o
                0x0800026c                One_Wire_Reset
 .text.One_Wire_Write_Byte
                0x08000304       0x50 ./Work/Sources/oneWire.o
                0x08000304                One_Wire_Write_Byte
 .text.One_Wire_Write_Bit
                0x08000354       0x74 ./Work/Sources/oneWire.o
                0x08000354                One_Wire_Write_Bit
 .text.One_Wire_Read_Byte
                0x080003c8       0x60 ./Work/Sources/oneWire.o
                0x080003c8                One_Wire_Read_Byte
 .text.One_Wire_Read_Bit
                0x08000428       0x6c ./Work/Sources/oneWire.o
                0x08000428                One_Wire_Read_Bit
 .text.uart_send_char
                0x08000494       0x30 ./Work/Sources/serial.o
                0x08000494                uart_send_char
 .text.uart_print_string
                0x080004c4       0x44 ./Work/Sources/serial.o
                0x080004c4                uart_print_string
 .text.uart_print_value
                0x08000508       0xdc ./Work/Sources/serial.o
                0x08000508                uart_print_value
 .text.PIN_ON   0x080005e4       0x1c ./Work/Sources/stm32_GPIO.o
                0x080005e4                PIN_ON
 .text.PIN_OFF  0x08000600       0x1c ./Work/Sources/stm32_GPIO.o
                0x08000600                PIN_OFF
 .text.PIN_SYG  0x0800061c       0x30 ./Work/Sources/stm32_GPIO.o
                0x0800061c                PIN_SYG
 .text.PIN_IN   0x0800064c       0x30 ./Work/Sources/stm32_GPIO.o
                0x0800064c                PIN_IN
 .text.PIN_OUT_PP
                0x0800067c       0x30 ./Work/Sources/stm32_GPIO.o
                0x0800067c                PIN_OUT_PP
 .text.TIM6Init
                0x080006ac       0x14 ./Work/Sources/timer6.o
                0x080006ac                TIM6Init
 .text.TIM6_DAC_IRQHandler
                0x080006c0       0x5c ./Work/Sources/timer6.o
                0x080006c0                TIM6_DAC_IRQHandler
 .text.delay_ms
                0x0800071c       0xb0 ./Work/Sources/timer6.o
                0x0800071c                delay_ms
 .text.delay_us
                0x080007cc       0x9c ./Work/Sources/timer6.o
                0x080007cc                delay_us
 .text.RTC_Config
                0x08000868       0x5c ./Work/Headers/rtc.o
                0x08000868                RTC_Config
 .text.GetTime  0x080008c4       0x2c ./Work/Headers/rtc.o
                0x080008c4                GetTime
 .text.Time_GetHours
                0x080008f0       0x28 ./Work/Headers/rtc.o
                0x080008f0                Time_GetHours
 .text.Time_GetMinutes
                0x08000918       0x40 ./Work/Headers/rtc.o
                0x08000918                Time_GetMinutes
 .text.Time_GetSeconds
                0x08000958       0x50 ./Work/Headers/rtc.o
                0x08000958                Time_GetSeconds
 .text.NVIC_PriorityGroupConfig
                0x080009a8       0x28 ./StdPeripheralDriver/src/misc.o
                0x080009a8                NVIC_PriorityGroupConfig
 .text.NVIC_Init
                0x080009d0       0xe8 ./StdPeripheralDriver/src/misc.o
                0x080009d0                NVIC_Init
 .text.EXTI_Init
                0x08000ab8      0x138 ./StdPeripheralDriver/src/stm32f10x_exti.o
                0x08000ab8                EXTI_Init
 .text.EXTI_ClearITPendingBit
                0x08000bf0       0x20 ./StdPeripheralDriver/src/stm32f10x_exti.o
                0x08000bf0                EXTI_ClearITPendingBit
 .text.GPIO_Init
                0x08000c10      0x1b0 ./StdPeripheralDriver/src/stm32f10x_gpio.o
                0x08000c10                GPIO_Init
 .text.GPIO_EXTILineConfig
                0x08000dc0       0xb0 ./StdPeripheralDriver/src/stm32f10x_gpio.o
                0x08000dc0                GPIO_EXTILineConfig
 .text.PWR_BackupAccessCmd
                0x08000e70       0x20 ./StdPeripheralDriver/src/stm32f10x_pwr.o
                0x08000e70                PWR_BackupAccessCmd
 .text.RCC_DeInit
                0x08000e90       0xa8 ./StdPeripheralDriver/src/stm32f10x_rcc.o
                0x08000e90                RCC_DeInit
 .text.RCC_HSEConfig
                0x08000f38       0x88 ./StdPeripheralDriver/src/stm32f10x_rcc.o
                0x08000f38                RCC_HSEConfig
 .text.RCC_PLLConfig
                0x08000fc0       0x48 ./StdPeripheralDriver/src/stm32f10x_rcc.o
                0x08000fc0                RCC_PLLConfig
 .text.RCC_PLLCmd
                0x08001008       0x20 ./StdPeripheralDriver/src/stm32f10x_rcc.o
                0x08001008                RCC_PLLCmd
 .text.RCC_SYSCLKConfig
                0x08001028       0x40 ./StdPeripheralDriver/src/stm32f10x_rcc.o
                0x08001028                RCC_SYSCLKConfig
 .text.RCC_GetSYSCLKSource
                0x08001068       0x20 ./StdPeripheralDriver/src/stm32f10x_rcc.o
                0x08001068                RCC_GetSYSCLKSource
 .text.RCC_HCLKConfig
                0x08001088       0x40 ./StdPeripheralDriver/src/stm32f10x_rcc.o
                0x08001088                RCC_HCLKConfig
 .text.RCC_PCLK1Config
                0x080010c8       0x40 ./StdPeripheralDriver/src/stm32f10x_rcc.o
                0x080010c8                RCC_PCLK1Config
 .text.RCC_PCLK2Config
                0x08001108       0x44 ./StdPeripheralDriver/src/stm32f10x_rcc.o
                0x08001108                RCC_PCLK2Config
 .text.RCC_LSEConfig
                0x0800114c       0x60 ./StdPeripheralDriver/src/stm32f10x_rcc.o
                0x0800114c                RCC_LSEConfig
 .text.RCC_RTCCLKConfig
                0x080011ac       0x2c ./StdPeripheralDriver/src/stm32f10x_rcc.o
                0x080011ac                RCC_RTCCLKConfig
 .text.RCC_RTCCLKCmd
                0x080011d8       0x20 ./StdPeripheralDriver/src/stm32f10x_rcc.o
                0x080011d8                RCC_RTCCLKCmd
 .text.RCC_GetClocksFreq
                0x080011f8      0x1cc ./StdPeripheralDriver/src/stm32f10x_rcc.o
                0x080011f8                RCC_GetClocksFreq
 .text.RCC_APB2PeriphClockCmd
                0x080013c4       0x54 ./StdPeripheralDriver/src/stm32f10x_rcc.o
                0x080013c4                RCC_APB2PeriphClockCmd
 .text.RCC_APB1PeriphClockCmd
                0x08001418       0x54 ./StdPeripheralDriver/src/stm32f10x_rcc.o
                0x08001418                RCC_APB1PeriphClockCmd
 .text.RCC_GetFlagStatus
                0x0800146c       0x90 ./StdPeripheralDriver/src/stm32f10x_rcc.o
                0x0800146c                RCC_GetFlagStatus
 .text.RTC_EnterConfigMode
                0x080014fc       0x28 ./StdPeripheralDriver/src/stm32f10x_rtc.o
                0x080014fc                RTC_EnterConfigMode
 .text.RTC_ExitConfigMode
                0x08001524       0x28 ./StdPeripheralDriver/src/stm32f10x_rtc.o
                0x08001524                RTC_ExitConfigMode
 .text.RTC_GetCounter
                0x0800154c       0x38 ./StdPeripheralDriver/src/stm32f10x_rtc.o
                0x0800154c                RTC_GetCounter
 .text.RTC_SetCounter
                0x08001584       0x38 ./StdPeripheralDriver/src/stm32f10x_rtc.o
                0x08001584                RTC_SetCounter
 .text.RTC_SetPrescaler
                0x080015bc       0x3c ./StdPeripheralDriver/src/stm32f10x_rtc.o
                0x080015bc                RTC_SetPrescaler
 .text.RTC_WaitForLastTask
                0x080015f8       0x20 ./StdPeripheralDriver/src/stm32f10x_rtc.o
                0x080015f8                RTC_WaitForLastTask
 .text.RTC_WaitForSynchro
                0x08001618       0x3c ./StdPeripheralDriver/src/stm32f10x_rtc.o
                0x08001618                RTC_WaitForSynchro
 .text.TIM_Cmd  0x08001654       0x40 ./StdPeripheralDriver/src/stm32f10x_tim.o
                0x08001654                TIM_Cmd
 .text.TIM_SetCounter
                0x08001694       0x1c ./StdPeripheralDriver/src/stm32f10x_tim.o
                0x08001694                TIM_SetCounter
 .text.TIM_GetITStatus
                0x080016b0       0x60 ./StdPeripheralDriver/src/stm32f10x_tim.o
                0x080016b0                TIM_GetITStatus
 .text.TIM_ClearITPendingBit
                0x08001710       0x24 ./StdPeripheralDriver/src/stm32f10x_tim.o
                0x08001710                TIM_ClearITPendingBit
 .text.USART_Init
                0x08001734      0x1ac ./StdPeripheralDriver/src/stm32f10x_usart.o
                0x08001734                USART_Init
 .text.USART_Cmd
                0x080018e0       0x40 ./StdPeripheralDriver/src/stm32f10x_usart.o
                0x080018e0                USART_Cmd
 .text.USART_ITConfig
                0x08001920       0xa4 ./StdPeripheralDriver/src/stm32f10x_usart.o
                0x08001920                USART_ITConfig
 .text.USART_SendData
                0x080019c4       0x28 ./StdPeripheralDriver/src/stm32f10x_usart.o
                0x080019c4                USART_SendData
 .text.USART_ReceiveData
                0x080019ec       0x24 ./StdPeripheralDriver/src/stm32f10x_usart.o
                0x080019ec                USART_ReceiveData
 .text.USART_GetFlagStatus
                0x08001a10       0x40 ./StdPeripheralDriver/src/stm32f10x_usart.o
                0x08001a10                USART_GetFlagStatus
 .text.USART_GetITStatus
                0x08001a50       0xc4 ./StdPeripheralDriver/src/stm32f10x_usart.o
                0x08001a50                USART_GetITStatus
 .text.pvPortMalloc
                0x08001b14       0xc8 ./FreeRTOS/Sources/heap_1.o
                0x08001b14                pvPortMalloc
 .text.vPortFree
                0x08001bdc       0x1c ./FreeRTOS/Sources/heap_1.o
                0x08001bdc                vPortFree
 .text.xPortGetFreeHeapSize
                0x08001bf8       0x20 ./FreeRTOS/Sources/heap_1.o
                0x08001bf8                xPortGetFreeHeapSize
 .text.vListInitialise
                0x08001c18       0x40 ./FreeRTOS/Sources/list.o
                0x08001c18                vListInitialise
 .text.vListInitialiseItem
                0x08001c58       0x1c ./FreeRTOS/Sources/list.o
                0x08001c58                vListInitialiseItem
 .text.vListInsertEnd
                0x08001c74       0x50 ./FreeRTOS/Sources/list.o
                0x08001c74                vListInsertEnd
 .text.vListInsert
                0x08001cc4       0x74 ./FreeRTOS/Sources/list.o
                0x08001cc4                vListInsert
 .text.uxListRemove
                0x08001d38       0x58 ./FreeRTOS/Sources/list.o
                0x08001d38                uxListRemove
 .text.pxPortInitialiseStack
                0x08001d90       0x60 ./FreeRTOS/Sources/port.o
                0x08001d90                pxPortInitialiseStack
 .text.SVC_Handler
                0x08001df0       0x20 ./FreeRTOS/Sources/port.o
                0x08001df0                SVC_Handler
 .text.prvPortStartFirstTask
                0x08001e10       0x14 ./FreeRTOS/Sources/port.o
 .text.xPortStartScheduler
                0x08001e24       0x54 ./FreeRTOS/Sources/port.o
                0x08001e24                xPortStartScheduler
 .text.vPortYieldFromISR
                0x08001e78       0x18 ./FreeRTOS/Sources/port.o
                0x08001e78                vPortYieldFromISR
 .text.vPortEnterCritical
                0x08001e90       0x24 ./FreeRTOS/Sources/port.o
                0x08001e90                vPortEnterCritical
 .text.vPortExitCritical
                0x08001eb4       0x34 ./FreeRTOS/Sources/port.o
                0x08001eb4                vPortExitCritical
 .text.ulPortSetInterruptMask
                0x08001ee8       0x14 ./FreeRTOS/Sources/port.o
                0x08001ee8                ulPortSetInterruptMask
 .text.vPortClearInterruptMask
                0x08001efc        0x8 ./FreeRTOS/Sources/port.o
                0x08001efc                vPortClearInterruptMask
 .text.PendSV_Handler
                0x08001f04       0x3c ./FreeRTOS/Sources/port.o
                0x08001f04                PendSV_Handler
 .text.SysTick_Handler
                0x08001f40       0x24 ./FreeRTOS/Sources/port.o
                0x08001f40                SysTick_Handler
 .text.vPortSetupTimerInterrupt
                0x08001f64       0x28 ./FreeRTOS/Sources/port.o
                0x08001f64                vPortSetupTimerInterrupt
 .text.xQueueGenericReset
                0x08001f8c       0xc0 ./FreeRTOS/Sources/queue.o
                0x08001f8c                xQueueGenericReset
 .text.xQueueGenericCreate
                0x0800204c       0x88 ./FreeRTOS/Sources/queue.o
                0x0800204c                xQueueGenericCreate
 .text.xQueueGenericSend
                0x080020d4      0x150 ./FreeRTOS/Sources/queue.o
                0x080020d4                xQueueGenericSend
 .text.xQueueGenericSendFromISR
                0x08002224       0xbc ./FreeRTOS/Sources/queue.o
                0x08002224                xQueueGenericSendFromISR
 .text.xQueueGenericReceive
                0x080022e0      0x1b8 ./FreeRTOS/Sources/queue.o
                0x080022e0                xQueueGenericReceive
 .text.prvCopyDataToQueue
                0x08002498       0xc4 ./FreeRTOS/Sources/queue.o
 .text.prvCopyDataFromQueue
                0x0800255c       0x50 ./FreeRTOS/Sources/queue.o
 .text.prvUnlockQueue
                0x080025ac       0xa0 ./FreeRTOS/Sources/queue.o
 .text.prvIsQueueEmpty
                0x0800264c       0x34 ./FreeRTOS/Sources/queue.o
 .text.prvIsQueueFull
                0x08002680       0x38 ./FreeRTOS/Sources/queue.o
 .text.vQueueWaitForMessageRestricted
                0x080026b8       0x60 ./FreeRTOS/Sources/queue.o
                0x080026b8                vQueueWaitForMessageRestricted
 .text.xTaskGenericCreate
                0x08002718      0x1e4 ./FreeRTOS/Sources/tasks.o
                0x08002718                xTaskGenericCreate
 .text.vTaskDelay
                0x080028fc       0x5c ./FreeRTOS/Sources/tasks.o
                0x080028fc                vTaskDelay
 .text.vTaskStartScheduler
                0x08002958       0x88 ./FreeRTOS/Sources/tasks.o
                0x08002958                vTaskStartScheduler
 .text.vTaskSuspendAll
                0x080029e0       0x24 ./FreeRTOS/Sources/tasks.o
                0x080029e0                vTaskSuspendAll
 .text.xTaskResumeAll
                0x08002a04      0x164 ./FreeRTOS/Sources/tasks.o
                0x08002a04                xTaskResumeAll
 .text.xTaskGetTickCount
                0x08002b68       0x28 ./FreeRTOS/Sources/tasks.o
                0x08002b68                xTaskGetTickCount
 .text.vTaskIncrementTick
                0x08002b90      0x1cc ./FreeRTOS/Sources/tasks.o
                0x08002b90                vTaskIncrementTick
 .text.vTaskSwitchContext
                0x08002d5c      0x154 ./FreeRTOS/Sources/tasks.o
                0x08002d5c                vTaskSwitchContext
 .text.vTaskPlaceOnEventList
                0x08002eb0       0x84 ./FreeRTOS/Sources/tasks.o
                0x08002eb0                vTaskPlaceOnEventList
 .text.vTaskPlaceOnEventListRestricted
                0x08002f34       0x60 ./FreeRTOS/Sources/tasks.o
                0x08002f34                vTaskPlaceOnEventListRestricted
 .text.xTaskRemoveFromEventList
                0x08002f94       0xd0 ./FreeRTOS/Sources/tasks.o
                0x08002f94                xTaskRemoveFromEventList
 .text.vTaskSetTimeOutState
                0x08003064       0x38 ./FreeRTOS/Sources/tasks.o
                0x08003064                vTaskSetTimeOutState
 .text.xTaskCheckForTimeOut
                0x0800309c       0xbc ./FreeRTOS/Sources/tasks.o
                0x0800309c                xTaskCheckForTimeOut
 .text.vTaskMissedYield
                0x08003158       0x18 ./FreeRTOS/Sources/tasks.o
                0x08003158                vTaskMissedYield
 .text.prvIdleTask
                0x08003170       0x24 ./FreeRTOS/Sources/tasks.o
 .text.prvInitialiseTCBVariables
                0x08003194       0x78 ./FreeRTOS/Sources/tasks.o
 .text.prvInitialiseTaskLists
                0x0800320c       0xa4 ./FreeRTOS/Sources/tasks.o
 .text.prvCheckTasksWaitingTermination
                0x080032b0       0x9c ./FreeRTOS/Sources/tasks.o
 .text.prvAddCurrentTaskToDelayedList
                0x0800334c       0x8c ./FreeRTOS/Sources/tasks.o
 .text.prvAllocateTCBAndStack
                0x080033d8       0x70 ./FreeRTOS/Sources/tasks.o
 .text.prvDeleteTCB
                0x08003448       0x20 ./FreeRTOS/Sources/tasks.o
 .text.xTaskGetCurrentTaskHandle
                0x08003468       0x20 ./FreeRTOS/Sources/tasks.o
                0x08003468                xTaskGetCurrentTaskHandle
 .text.xTaskGetSchedulerState
                0x08003488       0x48 ./FreeRTOS/Sources/tasks.o
                0x08003488                xTaskGetSchedulerState
 .text.vTaskPriorityInherit
                0x080034d0       0xdc ./FreeRTOS/Sources/tasks.o
                0x080034d0                vTaskPriorityInherit
 .text.vTaskPriorityDisinherit
                0x080035ac       0x90 ./FreeRTOS/Sources/tasks.o
                0x080035ac                vTaskPriorityDisinherit
 .text.xTimerCreateTimerTask
                0x0800363c       0x6c ./FreeRTOS/Sources/timers.o
                0x0800363c                xTimerCreateTimerTask
 .text.xTimerGenericCommand
                0x080036a8       0xac ./FreeRTOS/Sources/timers.o
                0x080036a8                xTimerGenericCommand
 .text.prvProcessExpiredTimer
                0x08003754       0x7c ./FreeRTOS/Sources/timers.o
 .text.prvTimerTask
                0x080037d0       0x24 ./FreeRTOS/Sources/timers.o
 .text.prvProcessTimerOrBlockTask
                0x080037f4       0x74 ./FreeRTOS/Sources/timers.o
 .text.prvGetNextExpireTime
                0x08003868       0x54 ./FreeRTOS/Sources/timers.o
 .text.prvSampleTimeNow
                0x080038bc       0x58 ./FreeRTOS/Sources/timers.o
 .text.prvInsertTimerInActiveList
                0x08003914       0x94 ./FreeRTOS/Sources/timers.o
 .text.prvProcessReceivedCommands
                0x080039a8      0x104 ./FreeRTOS/Sources/timers.o
 .text.prvSwitchTimerLists
                0x08003aac       0xe8 ./FreeRTOS/Sources/timers.o
 .text.prvCheckForValidListAndQueue
                0x08003b94       0x74 ./FreeRTOS/Sources/timers.o
 .text.TIM7_IRQHandler
                0x08003c08       0x24 ./FreeModbus/STM32/port/porttimer.o
                0x08003c08                TIM7_IRQHandler
 .text.Reset_Handler
                0x08003c2c       0x4c ./CMSIS/startup_stm32f10x_md_vl.o
                0x08003c2c                Reset_Handler
 .text.Default_Handler
                0x08003c78        0x4 ./CMSIS/startup_stm32f10x_md_vl.o
                0x08003c78                EXTI2_IRQHandler
                0x08003c78                DebugMon_Handler
                0x08003c78                TIM1_CC_IRQHandler
                0x08003c78                HardFault_Handler
                0x08003c78                PVD_IRQHandler
                0x08003c78                NMI_Handler
                0x08003c78                EXTI3_IRQHandler
                0x08003c78                I2C2_EV_IRQHandler
                0x08003c78                TIM1_UP_TIM16_IRQHandler
                0x08003c78                UsageFault_Handler
                0x08003c78                SPI1_IRQHandler
                0x08003c78                TAMPER_IRQHandler
                0x08003c78                DMA1_Channel4_IRQHandler
                0x08003c78                ADC1_IRQHandler
                0x08003c78                USART3_IRQHandler
                0x08003c78                RTC_IRQHandler
                0x08003c78                DMA1_Channel7_IRQHandler
                0x08003c78                TIM4_IRQHandler
                0x08003c78                I2C1_EV_IRQHandler
                0x08003c78                DMA1_Channel6_IRQHandler
                0x08003c78                TIM3_IRQHandler
                0x08003c78                RCC_IRQHandler
                0x08003c78                DMA1_Channel1_IRQHandler
                0x08003c78                Default_Handler
                0x08003c78                CEC_IRQHandler
                0x08003c78                EXTI15_10_IRQHandler
                0x08003c78                EXTI9_5_IRQHandler
                0x08003c78                SPI2_IRQHandler
                0x08003c78                MemManage_Handler
                0x08003c78                DMA1_Channel5_IRQHandler
                0x08003c78                EXTI4_IRQHandler
                0x08003c78                TIM1_TRG_COM_TIM17_IRQHandler
                0x08003c78                DMA1_Channel3_IRQHandler
                0x08003c78                WWDG_IRQHandler
                0x08003c78                TIM2_IRQHandler
                0x08003c78                EXTI1_IRQHandler
                0x08003c78                RTCAlarm_IRQHandler
                0x08003c78                USART2_IRQHandler
                0x08003c78                I2C2_ER_IRQHandler
                0x08003c78                DMA1_Channel2_IRQHandler
                0x08003c78                FLASH_IRQHandler
                0x08003c78                BusFault_Handler
                0x08003c78                I2C1_ER_IRQHandler
                0x08003c78                TIM1_BRK_TIM15_IRQHandler
 .text.SystemInit
                0x08003c7c       0xb8 ./CMSIS/system_stm32f10x.o
                0x08003c7c                SystemInit
 .text.SetSysClock
                0x08003d34        0xc ./CMSIS/system_stm32f10x.o
 .text.SetSysClockTo24
                0x08003d40      0x15c ./CMSIS/system_stm32f10x.o
 .text.SetupClock
                0x08003e9c       0x74 ./main.o
                0x08003e9c                SetupClock
 .text.LEDsInit
                0x08003f10       0x40 ./main.o
                0x08003f10                LEDsInit
 .text.BtnInit  0x08003f50       0x44 ./main.o
                0x08003f50                BtnInit
 .text.USART_GPIO_Configuration
                0x08003f94       0x5c ./main.o
                0x08003f94                USART_GPIO_Configuration
 .text.USART_Configuration
                0x08003ff0       0x78 ./main.o
                0x08003ff0                USART_Configuration
 .text.EXTI_Configuration
                0x08004068       0x30 ./main.o
                0x08004068                EXTI_Configuration
 .text.NVIC_Configuration_USART1
                0x08004098       0x60 ./main.o
                0x08004098                NVIC_Configuration_USART1
 .text.NVIC_Configuration_USER_BUTTON
                0x080040f8       0x38 ./main.o
                0x080040f8                NVIC_Configuration_USER_BUTTON
 .text.EXTI0_IRQHandler
                0x08004130       0x60 ./main.o
                0x08004130                EXTI0_IRQHandler
 .text.vFreeRTOSInitAll
                0x08004190       0x2c ./main.o
                0x08004190                vFreeRTOSInitAll
 .text.vTaskLED
                0x080041bc       0x2c ./main.o
                0x080041bc                vTaskLED
 .text.USART1_IRQHandler
                0x080041e8       0x44 ./main.o
                0x080041e8                USART1_IRQHandler
 .text.vTaskDS1821
                0x0800422c      0x184 ./main.o
                0x0800422c                vTaskDS1821
 .text.main     0x080043b0       0x7c ./main.o
                0x080043b0                main
 .text.vApplicationMallocFailedHook
                0x0800442c        0x8 ./main.o
                0x0800442c                vApplicationMallocFailedHook
 .text.vApplicationStackOverflowHook
                0x08004434        0xc ./main.o
                0x08004434                vApplicationStackOverflowHook
 .text.vApplicationIdleHook
                0x08004440       0x18 ./main.o
                0x08004440                vApplicationIdleHook
 .text.UARTSend
                0x08004458       0x60 ./main.o
                0x08004458                UARTSend
 .text.memcmp   0x080044b8       0xb8 /home/frolls/ARM/gcc-arm-none-eabi-4_7-2012q4/bin/../lib/gcc/arm-none-eabi/4.7.3/../../../../arm-none-eabi/lib/armv7-m/libg.a(lib_a-memcmp.o)
                0x080044b8                memcmp
 .text.memcpy   0x08004570      0x15c /home/frolls/ARM/gcc-arm-none-eabi-4_7-2012q4/bin/../lib/gcc/arm-none-eabi/4.7.3/../../../../arm-none-eabi/lib/armv7-m/libg.a(lib_a-memcpy.o)
                0x08004570                memcpy
 .text.memset   0x080046cc      0x12c /home/frolls/ARM/gcc-arm-none-eabi-4_7-2012q4/bin/../lib/gcc/arm-none-eabi/4.7.3/../../../../arm-none-eabi/lib/armv7-m/libg.a(lib_a-memset.o)
                0x080046cc                memset
 .text.strncpy  0x080047f8      0x10c /home/frolls/ARM/gcc-arm-none-eabi-4_7-2012q4/bin/../lib/gcc/arm-none-eabi/4.7.3/../../../../arm-none-eabi/lib/armv7-m/libg.a(lib_a-strncpy.o)
                0x080047f8                strncpy
 *(.rodata)
 .rodata        0x08004904       0x20 ./Work/Sources/serial.o
 .rodata        0x08004924        0x8 ./FreeRTOS/Sources/tasks.o
 .rodata        0x0800492c        0x8 ./FreeRTOS/Sources/timers.o
 .rodata        0x08004934       0xec ./main.o
 *(.rodata*)
 .rodata.ucExpectedStackBytes.5898
                0x08004a20       0x14 ./FreeRTOS/Sources/tasks.o
 *(.glue_7)
 .glue_7        0x00000000        0x0 linker stubs
 *(.glue_7t)
 .glue_7t       0x00000000        0x0 linker stubs
 *(.init)
 *(.fini)
                0x08004a34                . = ALIGN (0x4)
                0x08004a34                _etext = .

.vfp11_veneer   0x08004a34        0x0
 .vfp11_veneer  0x00000000        0x0 linker stubs

.v4_bx          0x08004a34        0x0
 .v4_bx         0x00000000        0x0 linker stubs

.iplt           0x08004a34        0x0
 .iplt          0x00000000        0x0 ./Work/Sources/CRC.o

.rel.dyn        0x08004a34        0x0
 .rel.iplt      0x00000000        0x0 ./Work/Sources/CRC.o

.ARM.extab
 *(.ARM.extab* .gnu.linkonce.armextab.*)

.ARM            0x08004a34        0x0
                0x08004a34                __exidx_start = .
 *(.ARM.exidx*)
                0x08004a34                __exidx_end = .

.ARM.attributes
                0x08004a34       0x31
 *(.ARM.attributes)
 .ARM.attributes
                0x08004a34       0x33 ./Work/Sources/ds1821.o
 .ARM.attributes
                0x08004a67       0x33 ./Work/Sources/oneWire.o
 .ARM.attributes
                0x08004a9a       0x33 ./Work/Sources/serial.o
 .ARM.attributes
                0x08004acd       0x33 ./Work/Sources/stm32_GPIO.o
 .ARM.attributes
                0x08004b00       0x33 ./Work/Sources/timer6.o
 .ARM.attributes
                0x08004b33       0x33 ./Work/Headers/rtc.o
 .ARM.attributes
                0x08004b66       0x33 ./StdPeripheralDriver/src/misc.o
 .ARM.attributes
                0x08004b99       0x33 ./StdPeripheralDriver/src/stm32f10x_exti.o
 .ARM.attributes
                0x08004bcc       0x33 ./StdPeripheralDriver/src/stm32f10x_gpio.o
 .ARM.attributes
                0x08004bff       0x33 ./StdPeripheralDriver/src/stm32f10x_pwr.o
 .ARM.attributes
                0x08004c32       0x33 ./StdPeripheralDriver/src/stm32f10x_rcc.o
 .ARM.attributes
                0x08004c65       0x33 ./StdPeripheralDriver/src/stm32f10x_rtc.o
 .ARM.attributes
                0x08004c98       0x33 ./StdPeripheralDriver/src/stm32f10x_tim.o
 .ARM.attributes
                0x08004ccb       0x33 ./StdPeripheralDriver/src/stm32f10x_usart.o
 .ARM.attributes
                0x08004cfe       0x33 ./FreeRTOS/Sources/heap_1.o
 .ARM.attributes
                0x08004d31       0x33 ./FreeRTOS/Sources/list.o
 .ARM.attributes
                0x08004d64       0x33 ./FreeRTOS/Sources/port.o
 .ARM.attributes
                0x08004d97       0x33 ./FreeRTOS/Sources/queue.o
 .ARM.attributes
                0x08004dca       0x33 ./FreeRTOS/Sources/tasks.o
 .ARM.attributes
                0x08004dfd       0x33 ./FreeRTOS/Sources/timers.o
 .ARM.attributes
                0x08004e30       0x33 ./FreeModbus/modbus/mb.o
 .ARM.attributes
                0x08004e63       0x33 ./FreeModbus/STM32/port/porttimer.o
 .ARM.attributes
                0x08004e96       0x21 ./CMSIS/startup_stm32f10x_md_vl.o
 .ARM.attributes
                0x08004eb7       0x33 ./CMSIS/system_stm32f10x.o
 .ARM.attributes
                0x08004eea       0x33 ./main.o
 .ARM.attributes
                0x08004f1d       0x2d /home/frolls/ARM/gcc-arm-none-eabi-4_7-2012q4/bin/../lib/gcc/arm-none-eabi/4.7.3/../../../../arm-none-eabi/lib/armv7-m/libg.a(lib_a-memcmp.o)
 .ARM.attributes
                0x08004f4a       0x2d /home/frolls/ARM/gcc-arm-none-eabi-4_7-2012q4/bin/../lib/gcc/arm-none-eabi/4.7.3/../../../../arm-none-eabi/lib/armv7-m/libg.a(lib_a-memcpy.o)
 .ARM.attributes
                0x08004f77       0x2d /home/frolls/ARM/gcc-arm-none-eabi-4_7-2012q4/bin/../lib/gcc/arm-none-eabi/4.7.3/../../../../arm-none-eabi/lib/armv7-m/libg.a(lib_a-memset.o)
 .ARM.attributes
                0x08004fa4       0x2d /home/frolls/ARM/gcc-arm-none-eabi-4_7-2012q4/bin/../lib/gcc/arm-none-eabi/4.7.3/../../../../arm-none-eabi/lib/armv7-m/libg.a(lib_a-strncpy.o)

.preinit_array  0x08004a34        0x0
                0x08004a34                PROVIDE (__preinit_array_start, .)
 *(.preinit_array*)
                0x08004a34                PROVIDE (__preinit_array_end, .)

.init_array     0x08004a34        0x0
                0x08004a34                PROVIDE (__init_array_start, .)
 *(SORT(.init_array.*))
 *(.init_array*)
                0x08004a34                PROVIDE (__init_array_end, .)

.fini_array     0x08004a34        0x0
                0x08004a34                PROVIDE (__fini_array_start, .)
 *(.fini_array*)
 *(SORT(.fini_array.*))
                0x08004a34                PROVIDE (__fini_array_end, .)
                0x08004a34                _sidata = .

.data           0x20000000       0x20 load address 0x08004fd1
                0x20000000                . = ALIGN (0x4)
                0x20000000                _sdata = .
 *(.data)
 *(.data*)
 .data.APBAHBPrescTable
                0x20000000       0x10 ./StdPeripheralDriver/src/stm32f10x_rcc.o
 .data.ADCPrescTable
                0x20000010        0x4 ./StdPeripheralDriver/src/stm32f10x_rcc.o
 .data.uxCriticalNesting
                0x20000014        0x4 ./FreeRTOS/Sources/port.o
 .data.xNextTaskUnblockTime
                0x20000018        0x4 ./FreeRTOS/Sources/tasks.o
 .data.SystemCoreClock
                0x2000001c        0x4 ./CMSIS/system_stm32f10x.o
                0x2000001c                SystemCoreClock
                0x20000020                . = ALIGN (0x4)
                0x20000020                _edata = .

.igot.plt       0x20000020        0x0 load address 0x08004ff4
 .igot.plt      0x00000000        0x0 ./Work/Sources/CRC.o
                0x20000020                . = ALIGN (0x4)

.bss            0x20000020     0x1d58 load address 0x08004ff4
                0x20000020                _sbss = .
                0x20000020                __bss_start__ = _sbss
 *(.bss)
 *(.bss*)
 .bss.delay_end
                0x20000020        0x1 ./Work/Sources/timer6.o
                0x20000020                delay_end
 *fill*         0x20000021        0x3 00
 .bss.ucHeap    0x20000024     0x1c00 ./FreeRTOS/Sources/heap_1.o
 .bss.xNextFreeByte
                0x20001c24        0x4 ./FreeRTOS/Sources/heap_1.o
 .bss.pucAlignedHeap.4824
                0x20001c28        0x4 ./FreeRTOS/Sources/heap_1.o
 .bss.pxCurrentTCB
                0x20001c2c        0x4 ./FreeRTOS/Sources/tasks.o
                0x20001c2c                pxCurrentTCB
 .bss.pxReadyTasksLists
                0x20001c30       0x64 ./FreeRTOS/Sources/tasks.o
 .bss.xDelayedTaskList1
                0x20001c94       0x14 ./FreeRTOS/Sources/tasks.o
 .bss.xDelayedTaskList2
                0x20001ca8       0x14 ./FreeRTOS/Sources/tasks.o
 .bss.pxDelayedTaskList
                0x20001cbc        0x4 ./FreeRTOS/Sources/tasks.o
 .bss.pxOverflowDelayedTaskList
                0x20001cc0        0x4 ./FreeRTOS/Sources/tasks.o
 .bss.xPendingReadyList
                0x20001cc4       0x14 ./FreeRTOS/Sources/tasks.o
 .bss.xTasksWaitingTermination
                0x20001cd8       0x14 ./FreeRTOS/Sources/tasks.o
 .bss.uxTasksDeleted
                0x20001cec        0x4 ./FreeRTOS/Sources/tasks.o
 .bss.xSuspendedTaskList
                0x20001cf0       0x14 ./FreeRTOS/Sources/tasks.o
 .bss.uxCurrentNumberOfTasks
                0x20001d04        0x4 ./FreeRTOS/Sources/tasks.o
 .bss.xTickCount
                0x20001d08        0x4 ./FreeRTOS/Sources/tasks.o
 .bss.uxTopUsedPriority
                0x20001d0c        0x4 ./FreeRTOS/Sources/tasks.o
 .bss.uxTopReadyPriority
                0x20001d10        0x4 ./FreeRTOS/Sources/tasks.o
 .bss.xSchedulerRunning
                0x20001d14        0x4 ./FreeRTOS/Sources/tasks.o
 .bss.uxSchedulerSuspended
                0x20001d18        0x4 ./FreeRTOS/Sources/tasks.o
 .bss.uxMissedTicks
                0x20001d1c        0x4 ./FreeRTOS/Sources/tasks.o
 .bss.xMissedYield
                0x20001d20        0x4 ./FreeRTOS/Sources/tasks.o
 .bss.xNumOfOverflows
                0x20001d24        0x4 ./FreeRTOS/Sources/tasks.o
 .bss.uxTaskNumber
                0x20001d28        0x4 ./FreeRTOS/Sources/tasks.o
 .bss.xActiveTimerList1
                0x20001d2c       0x14 ./FreeRTOS/Sources/timers.o
 .bss.xActiveTimerList2
                0x20001d40       0x14 ./FreeRTOS/Sources/timers.o
 .bss.pxCurrentTimerList
                0x20001d54        0x4 ./FreeRTOS/Sources/timers.o
 .bss.pxOverflowTimerList
                0x20001d58        0x4 ./FreeRTOS/Sources/timers.o
 .bss.xTimerQueue
                0x20001d5c        0x4 ./FreeRTOS/Sources/timers.o
 .bss.xLastTime.4459
                0x20001d60        0x4 ./FreeRTOS/Sources/timers.o
 *(COMMON)
 COMMON         0x20001d64       0x14 ./FreeModbus/modbus/mb.o
                0x20001d64                pxMBFrameCBTransmitterEmpty
                0x20001d68                pxMBPortCBTimerExpired
                0x20001d6c                pxMBFrameCBByteReceived
                0x20001d70                pxMBFrameCBTransmitFSMCur
                0x20001d74                pxMBFrameCBReceiveFSMCur
                0x20001d78                . = ALIGN (0x4)
                0x20001d78                _ebss = .
                0x20001d78                __bss_end__ = _ebss
                0x20001d78                PROVIDE (end, _ebss)
                0x20001d78                PROVIDE (_end, _ebss)

._user_heap_stack
                0x20001d78      0x100 load address 0x08006d4c
                0x20001d78                . = ALIGN (0x4)
                0x20001d78                . = (. + MIN_HEAP_SIZE)
                0x20001e78                . = (. + MIN_STACK_SIZE)
 *fill*         0x20001d78      0x100 00
                0x20001e78                . = ALIGN (0x4)

/DISCARD/
 libc.a(*)
 libm.a(*)
 libgcc.a(*)
OUTPUT(stm32vld_template.elf elf32-littlearm)

.debug_info     0x00000000     0x9e16
 .debug_info    0x00000000      0x352 ./Work/Sources/ds1821.o
 .debug_info    0x00000352      0x2bb ./Work/Sources/oneWire.o
 .debug_info    0x0000060d      0x2e5 ./Work/Sources/serial.o
 .debug_info    0x000008f2      0x3a8 ./Work/Sources/stm32_GPIO.o
 .debug_info    0x00000c9a      0x5a1 ./Work/Sources/timer6.o
 .debug_info    0x0000123b      0x187 ./Work/Headers/rtc.o
 .debug_info    0x000013c2      0x54c ./StdPeripheralDriver/src/misc.o
 .debug_info    0x0000190e      0x36a ./StdPeripheralDriver/src/stm32f10x_exti.o
 .debug_info    0x00001c78      0x730 ./StdPeripheralDriver/src/stm32f10x_gpio.o
 .debug_info    0x000023a8      0x464 ./StdPeripheralDriver/src/stm32f10x_pwr.o
 .debug_info    0x0000280c      0x998 ./StdPeripheralDriver/src/stm32f10x_rcc.o
 .debug_info    0x000031a4      0x477 ./StdPeripheralDriver/src/stm32f10x_rtc.o
 .debug_info    0x0000361b     0x1e74 ./StdPeripheralDriver/src/stm32f10x_tim.o
 .debug_info    0x0000548f      0xa8a ./StdPeripheralDriver/src/stm32f10x_usart.o
 .debug_info    0x00005f19      0x180 ./FreeRTOS/Sources/heap_1.o
 .debug_info    0x00006099      0x2be ./FreeRTOS/Sources/list.o
 .debug_info    0x00006357      0x225 ./FreeRTOS/Sources/port.o
 .debug_info    0x0000657c      0x88b ./FreeRTOS/Sources/queue.o
 .debug_info    0x00006e07      0xe68 ./FreeRTOS/Sources/tasks.o
 .debug_info    0x00007c6f      0x757 ./FreeRTOS/Sources/timers.o
 .debug_info    0x000083c6      0x604 ./FreeModbus/modbus/mb.o
 .debug_info    0x000089ca      0x60c ./FreeModbus/STM32/port/porttimer.o
 .debug_info    0x00008fd6       0x70 ./CMSIS/startup_stm32f10x_md_vl.o
 .debug_info    0x00009046      0x414 ./CMSIS/system_stm32f10x.o
 .debug_info    0x0000945a      0x9bc ./main.o

.debug_abbrev   0x00000000     0x21d9
 .debug_abbrev  0x00000000       0xcf ./Work/Sources/ds1821.o
 .debug_abbrev  0x000000cf      0x105 ./Work/Sources/oneWire.o
 .debug_abbrev  0x000001d4       0xfd ./Work/Sources/serial.o
 .debug_abbrev  0x000002d1      0x142 ./Work/Sources/stm32_GPIO.o
 .debug_abbrev  0x00000413      0x160 ./Work/Sources/timer6.o
 .debug_abbrev  0x00000573       0xd0 ./Work/Headers/rtc.o
 .debug_abbrev  0x00000643      0x13d ./StdPeripheralDriver/src/misc.o
 .debug_abbrev  0x00000780      0x158 ./StdPeripheralDriver/src/stm32f10x_exti.o
 .debug_abbrev  0x000008d8      0x1eb ./StdPeripheralDriver/src/stm32f10x_gpio.o
 .debug_abbrev  0x00000ac3      0x1a3 ./StdPeripheralDriver/src/stm32f10x_pwr.o
 .debug_abbrev  0x00000c66      0x1c1 ./StdPeripheralDriver/src/stm32f10x_rcc.o
 .debug_abbrev  0x00000e27      0x194 ./StdPeripheralDriver/src/stm32f10x_rtc.o
 .debug_abbrev  0x00000fbb      0x1b7 ./StdPeripheralDriver/src/stm32f10x_tim.o
 .debug_abbrev  0x00001172      0x169 ./StdPeripheralDriver/src/stm32f10x_usart.o
 .debug_abbrev  0x000012db      0x10d ./FreeRTOS/Sources/heap_1.o
 .debug_abbrev  0x000013e8       0xc3 ./FreeRTOS/Sources/list.o
 .debug_abbrev  0x000014ab      0x199 ./FreeRTOS/Sources/port.o
 .debug_abbrev  0x00001644      0x155 ./FreeRTOS/Sources/queue.o
 .debug_abbrev  0x00001799      0x1cb ./FreeRTOS/Sources/tasks.o
 .debug_abbrev  0x00001964      0x17a ./FreeRTOS/Sources/timers.o
 .debug_abbrev  0x00001ade      0x17a ./FreeModbus/modbus/mb.o
 .debug_abbrev  0x00001c58      0x16e ./FreeModbus/STM32/port/porttimer.o
 .debug_abbrev  0x00001dc6       0x12 ./CMSIS/startup_stm32f10x_md_vl.o
 .debug_abbrev  0x00001dd8      0x17e ./CMSIS/system_stm32f10x.o
 .debug_abbrev  0x00001f56      0x283 ./main.o

.debug_loc      0x00000000     0x4d44
 .debug_loc     0x00000000      0x188 ./Work/Sources/ds1821.o
 .debug_loc     0x00000188      0x118 ./Work/Sources/oneWire.o
 .debug_loc     0x000002a0       0xe0 ./Work/Sources/serial.o
 .debug_loc     0x00000380      0x188 ./Work/Sources/stm32_GPIO.o
 .debug_loc     0x00000508      0x100 ./Work/Sources/timer6.o
 .debug_loc     0x00000608      0x100 ./Work/Headers/rtc.o
 .debug_loc     0x00000708      0x118 ./StdPeripheralDriver/src/misc.o
 .debug_loc     0x00000820      0x1b4 ./StdPeripheralDriver/src/stm32f10x_exti.o
 .debug_loc     0x000009d4      0x3e4 ./StdPeripheralDriver/src/stm32f10x_gpio.o
 .debug_loc     0x00000db8      0x238 ./StdPeripheralDriver/src/stm32f10x_pwr.o
 .debug_loc     0x00000ff0      0x714 ./StdPeripheralDriver/src/stm32f10x_rcc.o
 .debug_loc     0x00001704      0x2e0 ./StdPeripheralDriver/src/stm32f10x_rtc.o
 .debug_loc     0x000019e4     0x13e8 ./StdPeripheralDriver/src/stm32f10x_tim.o
 .debug_loc     0x00002dcc      0x658 ./StdPeripheralDriver/src/stm32f10x_usart.o
 .debug_loc     0x00003424       0xc8 ./FreeRTOS/Sources/heap_1.o
 .debug_loc     0x000034ec      0x118 ./FreeRTOS/Sources/list.o
 .debug_loc     0x00003604      0x16c ./FreeRTOS/Sources/port.o
 .debug_loc     0x00003770      0x3f0 ./FreeRTOS/Sources/queue.o
 .debug_loc     0x00003b60      0x7b0 ./FreeRTOS/Sources/tasks.o
 .debug_loc     0x00004310      0x304 ./FreeRTOS/Sources/timers.o
 .debug_loc     0x00004614      0x150 ./FreeModbus/modbus/mb.o
 .debug_loc     0x00004764       0xe8 ./FreeModbus/STM32/port/porttimer.o
 .debug_loc     0x0000484c       0xc8 ./CMSIS/system_stm32f10x.o
 .debug_loc     0x00004914      0x430 ./main.o

.debug_aranges  0x00000000      0xde0
 .debug_aranges
                0x00000000       0x50 ./Work/Sources/ds1821.o
 .debug_aranges
                0x00000050       0x40 ./Work/Sources/oneWire.o
 .debug_aranges
                0x00000090       0x38 ./Work/Sources/serial.o
 .debug_aranges
                0x000000c8       0x50 ./Work/Sources/stm32_GPIO.o
 .debug_aranges
                0x00000118       0x40 ./Work/Sources/timer6.o
 .debug_aranges
                0x00000158       0x40 ./Work/Headers/rtc.o
 .debug_aranges
                0x00000198       0x40 ./StdPeripheralDriver/src/misc.o
 .debug_aranges
                0x000001d8       0x58 ./StdPeripheralDriver/src/stm32f10x_exti.o
 .debug_aranges
                0x00000230       0xa8 ./StdPeripheralDriver/src/stm32f10x_gpio.o
 .debug_aranges
                0x000002d8       0x70 ./StdPeripheralDriver/src/stm32f10x_pwr.o
 .debug_aranges
                0x00000348      0x120 ./StdPeripheralDriver/src/stm32f10x_rcc.o
 .debug_aranges
                0x00000468       0x88 ./StdPeripheralDriver/src/stm32f10x_rtc.o
 .debug_aranges
                0x000004f0      0x2f0 ./StdPeripheralDriver/src/stm32f10x_tim.o
 .debug_aranges
                0x000007e0      0x100 ./StdPeripheralDriver/src/stm32f10x_usart.o
 .debug_aranges
                0x000008e0       0x38 ./FreeRTOS/Sources/heap_1.o
 .debug_aranges
                0x00000918       0x40 ./FreeRTOS/Sources/list.o
 .debug_aranges
                0x00000958       0x80 ./FreeRTOS/Sources/port.o
 .debug_aranges
                0x000009d8       0xa8 ./FreeRTOS/Sources/queue.o
 .debug_aranges
                0x00000a80      0x138 ./FreeRTOS/Sources/tasks.o
 .debug_aranges
                0x00000bb8       0x88 ./FreeRTOS/Sources/timers.o
 .debug_aranges
                0x00000c40       0x48 ./FreeModbus/modbus/mb.o
 .debug_aranges
                0x00000c88       0x40 ./FreeModbus/STM32/port/porttimer.o
 .debug_aranges
                0x00000cc8       0x28 ./CMSIS/startup_stm32f10x_md_vl.o
 .debug_aranges
                0x00000cf0       0x38 ./CMSIS/system_stm32f10x.o
 .debug_aranges
                0x00000d28       0xb8 ./main.o

.debug_ranges   0x00000000      0xc58
 .debug_ranges  0x00000000       0x40 ./Work/Sources/ds1821.o
 .debug_ranges  0x00000040       0x30 ./Work/Sources/oneWire.o
 .debug_ranges  0x00000070       0x28 ./Work/Sources/serial.o
 .debug_ranges  0x00000098       0x40 ./Work/Sources/stm32_GPIO.o
 .debug_ranges  0x000000d8       0x30 ./Work/Sources/timer6.o
 .debug_ranges  0x00000108       0x30 ./Work/Headers/rtc.o
 .debug_ranges  0x00000138       0x30 ./StdPeripheralDriver/src/misc.o
 .debug_ranges  0x00000168       0x48 ./StdPeripheralDriver/src/stm32f10x_exti.o
 .debug_ranges  0x000001b0       0x98 ./StdPeripheralDriver/src/stm32f10x_gpio.o
 .debug_ranges  0x00000248       0x60 ./StdPeripheralDriver/src/stm32f10x_pwr.o
 .debug_ranges  0x000002a8      0x110 ./StdPeripheralDriver/src/stm32f10x_rcc.o
 .debug_ranges  0x000003b8       0x78 ./StdPeripheralDriver/src/stm32f10x_rtc.o
 .debug_ranges  0x00000430      0x2e0 ./StdPeripheralDriver/src/stm32f10x_tim.o
 .debug_ranges  0x00000710       0xf0 ./StdPeripheralDriver/src/stm32f10x_usart.o
 .debug_ranges  0x00000800       0x28 ./FreeRTOS/Sources/heap_1.o
 .debug_ranges  0x00000828       0x30 ./FreeRTOS/Sources/list.o
 .debug_ranges  0x00000858       0x70 ./FreeRTOS/Sources/port.o
 .debug_ranges  0x000008c8       0x98 ./FreeRTOS/Sources/queue.o
 .debug_ranges  0x00000960      0x128 ./FreeRTOS/Sources/tasks.o
 .debug_ranges  0x00000a88       0x78 ./FreeRTOS/Sources/timers.o
 .debug_ranges  0x00000b00       0x38 ./FreeModbus/modbus/mb.o
 .debug_ranges  0x00000b38       0x30 ./FreeModbus/STM32/port/porttimer.o
 .debug_ranges  0x00000b68       0x20 ./CMSIS/startup_stm32f10x_md_vl.o
 .debug_ranges  0x00000b88       0x28 ./CMSIS/system_stm32f10x.o
 .debug_ranges  0x00000bb0       0xa8 ./main.o

.debug_macro    0x00000000     0xd214
 .debug_macro   0x00000000      0x109 ./Work/Sources/ds1821.o
 .debug_macro   0x00000109       0x55 ./Work/Sources/ds1821.o
 .debug_macro   0x0000015e       0x22 ./Work/Sources/ds1821.o
 .debug_macro   0x00000180      0x214 ./Work/Sources/ds1821.o
 .debug_macro   0x00000394      0x69f ./Work/Sources/ds1821.o
 .debug_macro   0x00000a33     0x7ea5 ./Work/Sources/ds1821.o
 .debug_macro   0x000088d8       0x10 ./Work/Sources/ds1821.o
 .debug_macro   0x000088e8       0x35 ./Work/Sources/ds1821.o
 .debug_macro   0x0000891d      0x2ac ./Work/Sources/ds1821.o
 .debug_macro   0x00008bc9      0x461 ./Work/Sources/ds1821.o
 .debug_macro   0x0000902a      0x711 ./Work/Sources/ds1821.o
 .debug_macro   0x0000973b      0x16c ./Work/Sources/ds1821.o
 .debug_macro   0x000098a7       0x46 ./Work/Sources/ds1821.o
 .debug_macro   0x000098ed      0x118 ./Work/Sources/ds1821.o
 .debug_macro   0x00009a05       0x9e ./Work/Sources/ds1821.o
 .debug_macro   0x00009aa3       0x12 ./Work/Sources/ds1821.o
 .debug_macro   0x00009ab5       0x1f ./Work/Sources/ds1821.o
 .debug_macro   0x00009ad4      0x203 ./Work/Sources/ds1821.o
 .debug_macro   0x00009cd7       0x8a ./Work/Sources/ds1821.o
 .debug_macro   0x00009d61       0x10 ./Work/Sources/ds1821.o
 .debug_macro   0x00009d71       0x58 ./Work/Sources/ds1821.o
 .debug_macro   0x00009dc9       0x46 ./Work/Sources/ds1821.o
 .debug_macro   0x00009e0f      0x100 ./Work/Sources/oneWire.o
 .debug_macro   0x00009f0f      0x45b ./Work/Sources/oneWire.o
 .debug_macro   0x0000a36a       0x74 ./Work/Sources/serial.o
 .debug_macro   0x0000a3de      0x21a ./Work/Sources/serial.o
 .debug_macro   0x0000a5f8       0x6e ./Work/Sources/stm32_GPIO.o
 .debug_macro   0x0000a666       0xde ./Work/Sources/timer6.o
 .debug_macro   0x0000a744       0x86 ./Work/Headers/rtc.o
 .debug_macro   0x0000a7ca       0x58 ./Work/Headers/rtc.o
 .debug_macro   0x0000a822       0x82 ./Work/Headers/rtc.o
 .debug_macro   0x0000a8a4       0x70 ./StdPeripheralDriver/src/misc.o
 .debug_macro   0x0000a914       0x84 ./StdPeripheralDriver/src/misc.o
 .debug_macro   0x0000a998       0x70 ./StdPeripheralDriver/src/stm32f10x_exti.o
 .debug_macro   0x0000aa08       0x94 ./StdPeripheralDriver/src/stm32f10x_exti.o
 .debug_macro   0x0000aa9c       0xc1 ./StdPeripheralDriver/src/stm32f10x_gpio.o
 .debug_macro   0x0000ab5d      0x2a6 ./StdPeripheralDriver/src/stm32f10x_gpio.o
 .debug_macro   0x0000ae03       0xb5 ./StdPeripheralDriver/src/stm32f10x_pwr.o
 .debug_macro   0x0000aeb8       0x7c ./StdPeripheralDriver/src/stm32f10x_pwr.o
 .debug_macro   0x0000af34      0x194 ./StdPeripheralDriver/src/stm32f10x_rcc.o
 .debug_macro   0x0000b0c8       0x76 ./StdPeripheralDriver/src/stm32f10x_rtc.o
 .debug_macro   0x0000b13e       0x52 ./StdPeripheralDriver/src/stm32f10x_rtc.o
 .debug_macro   0x0000b190       0x8b ./StdPeripheralDriver/src/stm32f10x_tim.o
 .debug_macro   0x0000b21b      0x70b ./StdPeripheralDriver/src/stm32f10x_tim.o
 .debug_macro   0x0000b926      0x127 ./StdPeripheralDriver/src/stm32f10x_usart.o
 .debug_macro   0x0000ba4d      0x145 ./FreeRTOS/Sources/heap_1.o
 .debug_macro   0x0000bb92       0x3a ./FreeRTOS/Sources/heap_1.o
 .debug_macro   0x0000bbcc       0x2e ./FreeRTOS/Sources/heap_1.o
 .debug_macro   0x0000bbfa       0x94 ./FreeRTOS/Sources/heap_1.o
 .debug_macro   0x0000bc8e       0x10 ./FreeRTOS/Sources/heap_1.o
 .debug_macro   0x0000bc9e      0x100 ./FreeRTOS/Sources/heap_1.o
 .debug_macro   0x0000bd9e       0x3a ./FreeRTOS/Sources/heap_1.o
 .debug_macro   0x0000bdd8       0x52 ./FreeRTOS/Sources/heap_1.o
 .debug_macro   0x0000be2a       0x19 ./FreeRTOS/Sources/heap_1.o
 .debug_macro   0x0000be43      0x16d ./FreeRTOS/Sources/heap_1.o
 .debug_macro   0x0000bfb0       0x16 ./FreeRTOS/Sources/heap_1.o
 .debug_macro   0x0000bfc6       0x29 ./FreeRTOS/Sources/heap_1.o
 .debug_macro   0x0000bfef       0x85 ./FreeRTOS/Sources/heap_1.o
 .debug_macro   0x0000c074      0x124 ./FreeRTOS/Sources/list.o
 .debug_macro   0x0000c198       0xdc ./FreeRTOS/Sources/port.o
 .debug_macro   0x0000c274      0x1a6 ./FreeRTOS/Sources/queue.o
 .debug_macro   0x0000c41a       0x10 ./FreeRTOS/Sources/queue.o
 .debug_macro   0x0000c42a       0x12 ./FreeRTOS/Sources/queue.o
 .debug_macro   0x0000c43c       0x1c ./FreeRTOS/Sources/queue.o
 .debug_macro   0x0000c458       0x9c ./FreeRTOS/Sources/queue.o
 .debug_macro   0x0000c4f4      0x220 ./FreeRTOS/Sources/tasks.o
 .debug_macro   0x0000c714       0x10 ./FreeRTOS/Sources/tasks.o
 .debug_macro   0x0000c724       0x89 ./FreeRTOS/Sources/tasks.o
 .debug_macro   0x0000c7ad       0x10 ./FreeRTOS/Sources/tasks.o
 .debug_macro   0x0000c7bd       0x10 ./FreeRTOS/Sources/tasks.o
 .debug_macro   0x0000c7cd       0xf5 ./FreeRTOS/Sources/tasks.o
 .debug_macro   0x0000c8c2       0x22 ./FreeRTOS/Sources/tasks.o
 .debug_macro   0x0000c8e4       0x91 ./FreeRTOS/Sources/tasks.o
 .debug_macro   0x0000c975       0x16 ./FreeRTOS/Sources/tasks.o
 .debug_macro   0x0000c98b      0x16d ./FreeRTOS/Sources/tasks.o
 .debug_macro   0x0000caf8       0x35 ./FreeRTOS/Sources/tasks.o
 .debug_macro   0x0000cb2d       0x23 ./FreeRTOS/Sources/tasks.o
 .debug_macro   0x0000cb50       0x5b ./FreeRTOS/Sources/tasks.o
 .debug_macro   0x0000cbab       0x17 ./FreeRTOS/Sources/tasks.o
 .debug_macro   0x0000cbc2       0xaa ./FreeRTOS/Sources/timers.o
 .debug_macro   0x0000cc6c      0x1b7 ./FreeModbus/modbus/mb.o
 .debug_macro   0x0000ce23       0xf4 ./FreeModbus/STM32/port/porttimer.o
 .debug_macro   0x0000cf17       0x68 ./CMSIS/system_stm32f10x.o
 .debug_macro   0x0000cf7f      0x1e5 ./main.o
 .debug_macro   0x0000d164       0x9a ./main.o
 .debug_macro   0x0000d1fe       0x16 ./main.o

.debug_line     0x00000000     0x6e90
 .debug_line    0x00000000      0x439 ./Work/Sources/ds1821.o
 .debug_line    0x00000439      0x413 ./Work/Sources/oneWire.o
 .debug_line    0x0000084c      0x303 ./Work/Sources/serial.o
 .debug_line    0x00000b4f      0x2f2 ./Work/Sources/stm32_GPIO.o
 .debug_line    0x00000e41      0x3b5 ./Work/Sources/timer6.o
 .debug_line    0x000011f6      0x2f2 ./Work/Headers/rtc.o
 .debug_line    0x000014e8      0x27d ./StdPeripheralDriver/src/misc.o
 .debug_line    0x00001765      0x2d7 ./StdPeripheralDriver/src/stm32f10x_exti.o
 .debug_line    0x00001a3c      0x3fa ./StdPeripheralDriver/src/stm32f10x_gpio.o
 .debug_line    0x00001e36      0x31f ./StdPeripheralDriver/src/stm32f10x_pwr.o
 .debug_line    0x00002155      0x504 ./StdPeripheralDriver/src/stm32f10x_rcc.o
 .debug_line    0x00002659      0x34b ./StdPeripheralDriver/src/stm32f10x_rtc.o
 .debug_line    0x000029a4      0xadf ./StdPeripheralDriver/src/stm32f10x_tim.o
 .debug_line    0x00003483      0x4cf ./StdPeripheralDriver/src/stm32f10x_usart.o
 .debug_line    0x00003952      0x3d4 ./FreeRTOS/Sources/heap_1.o
 .debug_line    0x00003d26      0x3e3 ./FreeRTOS/Sources/list.o
 .debug_line    0x00004109      0x266 ./FreeRTOS/Sources/port.o
 .debug_line    0x0000436f      0x74b ./FreeRTOS/Sources/queue.o
 .debug_line    0x00004aba      0xa4a ./FreeRTOS/Sources/tasks.o
 .debug_line    0x00005504      0x375 ./FreeRTOS/Sources/timers.o
 .debug_line    0x00005879      0x675 ./FreeModbus/modbus/mb.o
 .debug_line    0x00005eee      0x4c5 ./FreeModbus/STM32/port/porttimer.o
 .debug_line    0x000063b3       0x7e ./CMSIS/startup_stm32f10x_md_vl.o
 .debug_line    0x00006431      0x207 ./CMSIS/system_stm32f10x.o
 .debug_line    0x00006638      0x858 ./main.o

.debug_str      0x00000000    0x47b8d
 .debug_str     0x00000000    0x3bbaa ./Work/Sources/ds1821.o
                              0x3bd4b (size before relaxing)
 .debug_str     0x0003bbaa       0x7e ./Work/Sources/oneWire.o
                              0x3bbf7 (size before relaxing)
 .debug_str     0x0003bc28     0x1536 ./Work/Sources/serial.o
                              0x3284c (size before relaxing)
 .debug_str     0x0003d15e      0x177 ./Work/Sources/stm32_GPIO.o
                              0x33181 (size before relaxing)
 .debug_str     0x0003d2d5      0x486 ./Work/Sources/timer6.o
                              0x3a220 (size before relaxing)
 .debug_str     0x0003d75b      0x82d ./Work/Headers/rtc.o
                              0x33f04 (size before relaxing)
 .debug_str     0x0003df88      0x1c4 ./StdPeripheralDriver/src/misc.o
                              0x31a31 (size before relaxing)
 .debug_str     0x0003e14c      0x7de ./StdPeripheralDriver/src/stm32f10x_exti.o
                              0x31b21 (size before relaxing)
 .debug_str     0x0003e92a      0x47b ./StdPeripheralDriver/src/stm32f10x_gpio.o
                              0x3597b (size before relaxing)
 .debug_str     0x0003eda5      0x2bd ./StdPeripheralDriver/src/stm32f10x_pwr.o
                              0x33f10 (size before relaxing)
 .debug_str     0x0003f062      0xbcd ./StdPeripheralDriver/src/stm32f10x_rcc.o
                              0x3433b (size before relaxing)
 .debug_str     0x0003fc2f      0x1cb ./StdPeripheralDriver/src/stm32f10x_rtc.o
                              0x3186c (size before relaxing)
 .debug_str     0x0003fdfa      0xb33 ./StdPeripheralDriver/src/stm32f10x_tim.o
                              0x38c24 (size before relaxing)
 .debug_str     0x0004092d      0x7d9 ./StdPeripheralDriver/src/stm32f10x_usart.o
                              0x3541c (size before relaxing)
 .debug_str     0x00041106     0x2381 ./FreeRTOS/Sources/heap_1.o
                               0x5fab (size before relaxing)
 .debug_str     0x00043487      0x13f ./FreeRTOS/Sources/list.o
                               0x5c82 (size before relaxing)
 .debug_str     0x000435c6      0x4e9 ./FreeRTOS/Sources/port.o
                               0x48ff (size before relaxing)
 .debug_str     0x00043aaf      0xe82 ./FreeRTOS/Sources/queue.o
                               0x6e16 (size before relaxing)
 .debug_str     0x00044931     0x2112 ./FreeRTOS/Sources/tasks.o
                               0x8150 (size before relaxing)
 .debug_str     0x00046a43      0x36d ./FreeRTOS/Sources/timers.o
                               0x5686 (size before relaxing)
 .debug_str     0x00046db0      0xaaf ./FreeModbus/modbus/mb.o
                              0x3ab3f (size before relaxing)
 .debug_str     0x0004785f       0xad ./FreeModbus/STM32/port/porttimer.o
                              0x390bb (size before relaxing)
 .debug_str     0x0004790c       0x88 ./CMSIS/system_stm32f10x.o
                              0x3149d (size before relaxing)
 .debug_str     0x00047994      0x1f9 ./main.o
                              0x3f677 (size before relaxing)

.comment        0x00000000       0x70
 .comment       0x00000000       0x70 ./Work/Sources/ds1821.o
                                 0x71 (size before relaxing)
 .comment       0x00000000       0x71 ./Work/Sources/oneWire.o
 .comment       0x00000000       0x71 ./Work/Sources/serial.o
 .comment       0x00000000       0x71 ./Work/Sources/stm32_GPIO.o
 .comment       0x00000000       0x71 ./Work/Sources/timer6.o
 .comment       0x00000000       0x71 ./Work/Headers/rtc.o
 .comment       0x00000000       0x71 ./StdPeripheralDriver/src/misc.o
 .comment       0x00000000       0x71 ./StdPeripheralDriver/src/stm32f10x_exti.o
 .comment       0x00000000       0x71 ./StdPeripheralDriver/src/stm32f10x_gpio.o
 .comment       0x00000000       0x71 ./StdPeripheralDriver/src/stm32f10x_pwr.o
 .comment       0x00000000       0x71 ./StdPeripheralDriver/src/stm32f10x_rcc.o
 .comment       0x00000000       0x71 ./StdPeripheralDriver/src/stm32f10x_rtc.o
 .comment       0x00000000       0x71 ./StdPeripheralDriver/src/stm32f10x_tim.o
 .comment       0x00000000       0x71 ./StdPeripheralDriver/src/stm32f10x_usart.o
 .comment       0x00000000       0x71 ./FreeRTOS/Sources/heap_1.o
 .comment       0x00000000       0x71 ./FreeRTOS/Sources/list.o
 .comment       0x00000000       0x71 ./FreeRTOS/Sources/port.o
 .comment       0x00000000       0x71 ./FreeRTOS/Sources/queue.o
 .comment       0x00000000       0x71 ./FreeRTOS/Sources/tasks.o
 .comment       0x00000000       0x71 ./FreeRTOS/Sources/timers.o
 .comment       0x00000000       0x71 ./FreeModbus/modbus/mb.o
 .comment       0x00000000       0x71 ./FreeModbus/STM32/port/porttimer.o
 .comment       0x00000000       0x71 ./CMSIS/system_stm32f10x.o
 .comment       0x00000000       0x71 ./main.o

.debug_frame    0x00000000     0x2c00
 .debug_frame   0x00000000       0xf0 ./Work/Sources/ds1821.o
 .debug_frame   0x000000f0       0xb0 ./Work/Sources/oneWire.o
 .debug_frame   0x000001a0       0x90 ./Work/Sources/serial.o
 .debug_frame   0x00000230       0xe4 ./Work/Sources/stm32_GPIO.o
 .debug_frame   0x00000314       0xa0 ./Work/Sources/timer6.o
 .debug_frame   0x000003b4       0x9c ./Work/Headers/rtc.o
 .debug_frame   0x00000450       0x9c ./StdPeripheralDriver/src/misc.o
 .debug_frame   0x000004ec       0xf0 ./StdPeripheralDriver/src/stm32f10x_exti.o
 .debug_frame   0x000005dc      0x210 ./StdPeripheralDriver/src/stm32f10x_gpio.o
 .debug_frame   0x000007ec      0x148 ./StdPeripheralDriver/src/stm32f10x_pwr.o
 .debug_frame   0x00000934      0x3b0 ./StdPeripheralDriver/src/stm32f10x_rcc.o
 .debug_frame   0x00000ce4      0x1a4 ./StdPeripheralDriver/src/stm32f10x_rtc.o
 .debug_frame   0x00000e88      0xa20 ./StdPeripheralDriver/src/stm32f10x_tim.o
 .debug_frame   0x000018a8      0x344 ./StdPeripheralDriver/src/stm32f10x_usart.o
 .debug_frame   0x00001bec       0x88 ./FreeRTOS/Sources/heap_1.o
 .debug_frame   0x00001c74       0x9c ./FreeRTOS/Sources/list.o
 .debug_frame   0x00001d10      0x140 ./FreeRTOS/Sources/port.o
 .debug_frame   0x00001e50      0x250 ./FreeRTOS/Sources/queue.o
 .debug_frame   0x000020a0      0x47c ./FreeRTOS/Sources/tasks.o
 .debug_frame   0x0000251c      0x1c4 ./FreeRTOS/Sources/timers.o
 .debug_frame   0x000026e0       0xd0 ./FreeModbus/modbus/mb.o
 .debug_frame   0x000027b0       0xa0 ./FreeModbus/STM32/port/porttimer.o
 .debug_frame   0x00002850       0x80 ./CMSIS/system_stm32f10x.o
 .debug_frame   0x000028d0      0x27c ./main.o
 .debug_frame   0x00002b4c       0x2c /home/frolls/ARM/gcc-arm-none-eabi-4_7-2012q4/bin/../lib/gcc/arm-none-eabi/4.7.3/../../../../arm-none-eabi/lib/armv7-m/libg.a(lib_a-memcmp.o)
 .debug_frame   0x00002b78       0x30 /home/frolls/ARM/gcc-arm-none-eabi-4_7-2012q4/bin/../lib/gcc/arm-none-eabi/4.7.3/../../../../arm-none-eabi/lib/armv7-m/libg.a(lib_a-memcpy.o)
 .debug_frame   0x00002ba8       0x2c /home/frolls/ARM/gcc-arm-none-eabi-4_7-2012q4/bin/../lib/gcc/arm-none-eabi/4.7.3/../../../../arm-none-eabi/lib/armv7-m/libg.a(lib_a-memset.o)
 .debug_frame   0x00002bd4       0x2c /home/frolls/ARM/gcc-arm-none-eabi-4_7-2012q4/bin/../lib/gcc/arm-none-eabi/4.7.3/../../../../arm-none-eabi/lib/armv7-m/libg.a(lib_a-strncpy.o)
