Archive member included because of file (symbol)

/home/frolls/ARM/gcc-arm-none-eabi-4_7-2012q4/bin/../lib/gcc/arm-none-eabi/4.7.3/../../../../arm-none-eabi/lib/armv7-m/libg.a(lib_a-memcmp.o)
                              ./FreeRTOS/Sources/tasks.o (memcmp)
/home/frolls/ARM/gcc-arm-none-eabi-4_7-2012q4/bin/../lib/gcc/arm-none-eabi/4.7.3/../../../../arm-none-eabi/lib/armv7-m/libg.a(lib_a-memcpy.o)
                              ./FreeRTOS/Sources/queue.o (memcpy)
/home/frolls/ARM/gcc-arm-none-eabi-4_7-2012q4/bin/../lib/gcc/arm-none-eabi/4.7.3/../../../../arm-none-eabi/lib/armv7-m/libg.a(lib_a-memset.o)
                              ./FreeRTOS/Sources/tasks.o (memset)
/home/frolls/ARM/gcc-arm-none-eabi-4_7-2012q4/bin/../lib/gcc/arm-none-eabi/4.7.3/../../../../arm-none-eabi/lib/armv7-m/libg.a(lib_a-strncpy.o)
                              ./FreeRTOS/Sources/tasks.o (strncpy)

Allocating common symbols
Common symbol       size              file

Search_Rom_SN       0x50              ./Work/Sources/ds1822.o

Discarded input sections

 .group         0x00000000        0x8 ./Work/Sources/CRC.o
 .text          0x00000000        0x0 ./Work/Sources/CRC.o
 .data          0x00000000        0x0 ./Work/Sources/CRC.o
 .bss           0x00000000        0x0 ./Work/Sources/CRC.o
 .text.Crc8Dallas
                0x00000000       0x8c ./Work/Sources/CRC.o
 .text.Crc8     0x00000000       0x84 ./Work/Sources/CRC.o
 .debug_info    0x00000000       0xec ./Work/Sources/CRC.o
 .debug_abbrev  0x00000000       0x76 ./Work/Sources/CRC.o
 .debug_loc     0x00000000       0x70 ./Work/Sources/CRC.o
 .debug_aranges
                0x00000000       0x28 ./Work/Sources/CRC.o
 .debug_ranges  0x00000000       0x18 ./Work/Sources/CRC.o
 .debug_macro   0x00000000       0x1b ./Work/Sources/CRC.o
 .debug_macro   0x00000000      0x802 ./Work/Sources/CRC.o
 .debug_line    0x00000000       0xdf ./Work/Sources/CRC.o
 .debug_str     0x00000000     0x22b6 ./Work/Sources/CRC.o
 .comment       0x00000000       0x71 ./Work/Sources/CRC.o
 .ARM.attributes
                0x00000000       0x33 ./Work/Sources/CRC.o
 .debug_frame   0x00000000       0x48 ./Work/Sources/CRC.o
 .group         0x00000000        0x8 ./Work/Sources/ds1821.o
 .group         0x00000000        0x8 ./Work/Sources/ds1821.o
 .group         0x00000000        0x8 ./Work/Sources/ds1821.o
 .group         0x00000000        0x8 ./Work/Sources/ds1821.o
 .group         0x00000000        0x8 ./Work/Sources/ds1821.o
 .group         0x00000000        0x8 ./Work/Sources/ds1821.o
 .group         0x00000000        0x8 ./Work/Sources/ds1821.o
 .group         0x00000000        0x8 ./Work/Sources/ds1821.o
 .group         0x00000000        0x8 ./Work/Sources/ds1821.o
 .group         0x00000000        0x8 ./Work/Sources/ds1821.o
 .group         0x00000000        0x8 ./Work/Sources/ds1821.o
 .group         0x00000000        0x8 ./Work/Sources/ds1821.o
 .group         0x00000000        0x8 ./Work/Sources/ds1821.o
 .group         0x00000000        0x8 ./Work/Sources/ds1821.o
 .group         0x00000000        0x8 ./Work/Sources/ds1821.o
 .group         0x00000000        0x8 ./Work/Sources/ds1821.o
 .group         0x00000000        0x8 ./Work/Sources/ds1821.o
 .group         0x00000000        0x8 ./Work/Sources/ds1821.o
 .group         0x00000000        0x8 ./Work/Sources/ds1821.o
 .group         0x00000000        0x8 ./Work/Sources/ds1821.o
 .group         0x00000000        0x8 ./Work/Sources/ds1821.o
 .group         0x00000000        0x8 ./Work/Sources/ds1821.o
 .text          0x00000000        0x0 ./Work/Sources/ds1821.o
 .data          0x00000000        0x0 ./Work/Sources/ds1821.o
 .bss           0x00000000        0x0 ./Work/Sources/ds1821.o
 .text.DS1821_Stop_Conversion
                0x00000000       0x44 ./Work/Sources/ds1821.o
 .text.DS1821_Load_Counter
                0x00000000       0x44 ./Work/Sources/ds1821.o
 .text.DS1821_Read_Counter
                0x00000000       0x58 ./Work/Sources/ds1821.o
 .text.DS1821_Write_Status
                0x00000000       0x44 ./Work/Sources/ds1821.o
 .text.DS1821_Read_Status
                0x00000000       0x58 ./Work/Sources/ds1821.o
 .debug_macro   0x00000000      0x802 ./Work/Sources/ds1821.o
 .group         0x00000000        0x8 ./Work/Sources/ds1822.o
 .group         0x00000000        0x8 ./Work/Sources/ds1822.o
 .group         0x00000000        0x8 ./Work/Sources/ds1822.o
 .group         0x00000000        0x8 ./Work/Sources/ds1822.o
 .group         0x00000000        0x8 ./Work/Sources/ds1822.o
 .group         0x00000000        0x8 ./Work/Sources/ds1822.o
 .group         0x00000000        0x8 ./Work/Sources/ds1822.o
 .group         0x00000000        0x8 ./Work/Sources/ds1822.o
 .group         0x00000000        0x8 ./Work/Sources/ds1822.o
 .group         0x00000000        0x8 ./Work/Sources/ds1822.o
 .group         0x00000000        0x8 ./Work/Sources/ds1822.o
 .group         0x00000000        0x8 ./Work/Sources/ds1822.o
[...]
Memory Configuration

Name             Origin             Length             Attributes
FLASH            0x08000000         0x00020000         xr
RAM              0x20000000         0x00002000         xrw
*default*        0x00000000         0xffffffff

Linker script and memory map

LOAD ./Work/Sources/CRC.o
LOAD ./Work/Sources/ds1821.o
LOAD ./Work/Sources/ds1822.o
LOAD ./Work/Sources/oneWire.o
LOAD ./Work/Sources/serial.o
LOAD ./Work/Sources/stm32_GPIO.o
LOAD ./Work/Sources/timer6.o
LOAD ./StdPeripheralDriver/src/misc.o
LOAD ./StdPeripheralDriver/src/stm32f10x_adc.o
LOAD ./StdPeripheralDriver/src/stm32f10x_bkp.o
LOAD ./StdPeripheralDriver/src/stm32f10x_can.o
LOAD ./StdPeripheralDriver/src/stm32f10x_cec.o
LOAD ./StdPeripheralDriver/src/stm32f10x_crc.o
LOAD ./StdPeripheralDriver/src/stm32f10x_dac.o
LOAD ./StdPeripheralDriver/src/stm32f10x_dbgmcu.o
LOAD ./StdPeripheralDriver/src/stm32f10x_dma.o
LOAD ./StdPeripheralDriver/src/stm32f10x_exti.o
LOAD ./StdPeripheralDriver/src/stm32f10x_flash.o
LOAD ./StdPeripheralDriver/src/stm32f10x_fsmc.o
LOAD ./StdPeripheralDriver/src/stm32f10x_gpio.o
LOAD ./StdPeripheralDriver/src/stm32f10x_i2c.o
LOAD ./StdPeripheralDriver/src/stm32f10x_iwdg.o
LOAD ./StdPeripheralDriver/src/stm32f10x_pwr.o
LOAD ./StdPeripheralDriver/src/stm32f10x_rcc.o
LOAD ./StdPeripheralDriver/src/stm32f10x_rtc.o
LOAD ./StdPeripheralDriver/src/stm32f10x_sdio.o
LOAD ./StdPeripheralDriver/src/stm32f10x_spi.o
LOAD ./StdPeripheralDriver/src/stm32f10x_tim.o
LOAD ./StdPeripheralDriver/src/stm32f10x_usart.o
LOAD ./StdPeripheralDriver/src/stm32f10x_wwdg.o
LOAD ./FreeRTOS/Sources/croutine.o
LOAD ./FreeRTOS/Sources/heap_1.o
LOAD ./FreeRTOS/Sources/list.o
LOAD ./FreeRTOS/Sources/port.o
LOAD ./FreeRTOS/Sources/queue.o
LOAD ./FreeRTOS/Sources/tasks.o
LOAD ./FreeRTOS/Sources/timers.o
LOAD ./CMSIS/core_cm3.o
LOAD ./CMSIS/startup_stm32f10x_md_vl.o
LOAD ./CMSIS/system_stm32f10x.o
LOAD ./.metadata/.plugins/org.eclipse.cdt.make.core/specs.o
LOAD ./main.o
START GROUP
LOAD /home/frolls/ARM/gcc-arm-none-eabi-4_7-2012q4/bin/../lib/gcc/arm-none-eabi/4.7.3/armv7-m/libgcc.a
LOAD /home/frolls/ARM/gcc-arm-none-eabi-4_7-2012q4/bin/../lib/gcc/arm-none-eabi/4.7.3/../../../../arm-none-eabi/lib/armv7-m/libg.a
LOAD /home/frolls/ARM/gcc-arm-none-eabi-4_7-2012q4/bin/../lib/gcc/arm-none-eabi/4.7.3/../../../../arm-none-eabi/lib/armv7-m/libc.a
END GROUP
                0x20002000                _estack = (ORIGIN (RAM) + 0x2000)
                0x00000000                MIN_HEAP_SIZE = 0x0
                0x00000100                MIN_STACK_SIZE = 0x100

.isr_vector     0x08000000      0x1d0
                0x08000000                . = ALIGN (0x4)
 *(.isr_vector)
 .isr_vector    0x08000000      0x1d0 ./CMSIS/startup_stm32f10x_md_vl.o
                0x08000000                g_pfnVectors
                0x080001d0                . = ALIGN (0x4)

.text           0x080001d0     0x43f8
                0x080001d0                . = ALIGN (0x4)
 *(.text)
 *(.text*)
 .text.DS1821_Start_Conversion
                0x080001d0       0x44 ./Work/Sources/ds1821.o
                0x080001d0                DS1821_Start_Conversion
 .text.DS1821_Read_Temp
                0x08000214       0x58 ./Work/Sources/ds1821.o
                0x08000214                DS1821_Read_Temp
 .text.One_Wire_Reset
                0x0800026c       0x98 ./Work/Sources/oneWire.o
                0x0800026c                One_Wire_Reset
 .text.One_Wire_Write_Byte
                0x08000304       0x50 ./Work/Sources/oneWire.o
                0x08000304                One_Wire_Write_Byte
 .text.One_Wire_Write_Bit
                0x08000354       0x74 ./Work/Sources/oneWire.o
                0x08000354                One_Wire_Write_Bit
 .text.One_Wire_Read_Byte
                0x080003c8       0x60 ./Work/Sources/oneWire.o
                0x080003c8                One_Wire_Read_Byte
 .text.One_Wire_Read_Bit
                0x08000428       0x6c ./Work/Sources/oneWire.o
                0x08000428                One_Wire_Read_Bit
 .text.uart_send_char
                0x08000494       0x30 ./Work/Sources/serial.o
                0x08000494                uart_send_char
 .text.uart_print_string
                0x080004c4       0x44 ./Work/Sources/serial.o
                0x080004c4                uart_print_string
 .text.uart_print_value
                0x08000508       0xdc ./Work/Sources/serial.o
                0x08000508                uart_print_value
 .text.PIN_ON   0x080005e4       0x1c ./Work/Sources/stm32_GPIO.o
                0x080005e4                PIN_ON
 .text.PIN_OFF  0x08000600       0x1c ./Work/Sources/stm32_GPIO.o
                0x08000600                PIN_OFF
 .text.PIN_SYG  0x0800061c       0x30 ./Work/Sources/stm32_GPIO.o
                0x0800061c                PIN_SYG
 .text.PIN_IN   0x0800064c       0x30 ./Work/Sources/stm32_GPIO.o
                0x0800064c                PIN_IN
 .text.PIN_OUT_PP
                0x0800067c       0x30 ./Work/Sources/stm32_GPIO.o
                0x0800067c                PIN_OUT_PP
 .text.TIM6Init
                0x080006ac       0x14 ./Work/Sources/timer6.o
                0x080006ac                TIM6Init
 .text.TIM6_DAC_IRQHandler
                0x080006c0       0x5c ./Work/Sources/timer6.o
                0x080006c0                TIM6_DAC_IRQHandler
 .text.delay_ms
                0x0800071c       0xb0 ./Work/Sources/timer6.o
                0x0800071c                delay_ms
 .text.delay_us
                0x080007cc       0x9c ./Work/Sources/timer6.o
                0x080007cc                delay_us
 .text.NVIC_PriorityGroupConfig
                0x08000868       0x28 ./StdPeripheralDriver/src/misc.o
                0x08000868                NVIC_PriorityGroupConfig
 .text.NVIC_Init
                0x08000890       0xe8 ./StdPeripheralDriver/src/misc.o
                0x08000890                NVIC_Init
 .text.EXTI_Init
                0x08000978      0x138 ./StdPeripheralDriver/src/stm32f10x_exti.o
                0x08000978                EXTI_Init
 .text.EXTI_ClearITPendingBit
                0x08000ab0       0x20 ./StdPeripheralDriver/src/stm32f10x_exti.o
                0x08000ab0                EXTI_ClearITPendingBit
 .text.GPIO_Init
                0x08000ad0      0x1b0 ./StdPeripheralDriver/src/stm32f10x_gpio.o
                0x08000ad0                GPIO_Init
 .text.GPIO_EXTILineConfig
                0x08000c80       0xb0 ./StdPeripheralDriver/src/stm32f10x_gpio.o
                0x08000c80                GPIO_EXTILineConfig
 .text.RCC_DeInit
                0x08000d30       0xa8 ./StdPeripheralDriver/src/stm32f10x_rcc.o
                0x08000d30                RCC_DeInit
 .text.RCC_HSEConfig
                0x08000dd8       0x88 ./StdPeripheralDriver/src/stm32f10x_rcc.o
                0x08000dd8                RCC_HSEConfig
 .text.RCC_PLLConfig
                0x08000e60       0x48 ./StdPeripheralDriver/src/stm32f10x_rcc.o
                0x08000e60                RCC_PLLConfig
 .text.RCC_PLLCmd
                0x08000ea8       0x20 ./StdPeripheralDriver/src/stm32f10x_rcc.o
                0x08000ea8                RCC_PLLCmd
 .text.RCC_SYSCLKConfig
                0x08000ec8       0x40 ./StdPeripheralDriver/src/stm32f10x_rcc.o
                0x08000ec8                RCC_SYSCLKConfig
 .text.RCC_GetSYSCLKSource
                0x08000f08       0x20 ./StdPeripheralDriver/src/stm32f10x_rcc.o
                0x08000f08                RCC_GetSYSCLKSource
 .text.RCC_HCLKConfig
                0x08000f28       0x40 ./StdPeripheralDriver/src/stm32f10x_rcc.o
                0x08000f28                RCC_HCLKConfig
 .text.RCC_PCLK1Config
                0x08000f68       0x40 ./StdPeripheralDriver/src/stm32f10x_rcc.o
                0x08000f68                RCC_PCLK1Config
 .text.RCC_PCLK2Config
                0x08000fa8       0x44 ./StdPeripheralDriver/src/stm32f10x_rcc.o
                0x08000fa8                RCC_PCLK2Config
 .text.RCC_GetClocksFreq
                0x08000fec      0x1cc ./StdPeripheralDriver/src/stm32f10x_rcc.o
                0x08000fec                RCC_GetClocksFreq
 .text.RCC_APB2PeriphClockCmd
                0x080011b8       0x54 ./StdPeripheralDriver/src/stm32f10x_rcc.o
                0x080011b8                RCC_APB2PeriphClockCmd
 .text.RCC_APB1PeriphClockCmd
                0x0800120c       0x54 ./StdPeripheralDriver/src/stm32f10x_rcc.o
                0x0800120c                RCC_APB1PeriphClockCmd
 .text.RCC_GetFlagStatus
                0x08001260       0x90 ./StdPeripheralDriver/src/stm32f10x_rcc.o
                0x08001260                RCC_GetFlagStatus
 .text.TIM_Cmd  0x080012f0       0x40 ./StdPeripheralDriver/src/stm32f10x_tim.o
                0x080012f0                TIM_Cmd
 .text.TIM_SetCounter
                0x08001330       0x1c ./StdPeripheralDriver/src/stm32f10x_tim.o
                0x08001330                TIM_SetCounter
 .text.TIM_GetITStatus
                0x0800134c       0x60 ./StdPeripheralDriver/src/stm32f10x_tim.o
                0x0800134c                TIM_GetITStatus
 .text.TIM_ClearITPendingBit
                0x080013ac       0x24 ./StdPeripheralDriver/src/stm32f10x_tim.o
                0x080013ac                TIM_ClearITPendingBit
 .text.USART_Init
                0x080013d0      0x1ac ./StdPeripheralDriver/src/stm32f10x_usart.o
                0x080013d0                USART_Init
 .text.USART_Cmd
                0x0800157c       0x40 ./StdPeripheralDriver/src/stm32f10x_usart.o
                0x0800157c                USART_Cmd
 .text.USART_ITConfig
                0x080015bc       0xa4 ./StdPeripheralDriver/src/stm32f10x_usart.o
                0x080015bc                USART_ITConfig
 .text.USART_SendData
                0x08001660       0x28 ./StdPeripheralDriver/src/stm32f10x_usart.o
                0x08001660                USART_SendData
 .text.USART_ReceiveData
                0x08001688       0x24 ./StdPeripheralDriver/src/stm32f10x_usart.o
                0x08001688                USART_ReceiveData
 .text.USART_GetFlagStatus
                0x080016ac       0x40 ./StdPeripheralDriver/src/stm32f10x_usart.o
                0x080016ac                USART_GetFlagStatus
 .text.USART_GetITStatus
                0x080016ec       0xc4 ./StdPeripheralDriver/src/stm32f10x_usart.o
                0x080016ec                USART_GetITStatus
 .text.pvPortMalloc
                0x080017b0       0xc8 ./FreeRTOS/Sources/heap_1.o
                0x080017b0                pvPortMalloc
 .text.vPortFree
                0x08001878       0x1c ./FreeRTOS/Sources/heap_1.o
                0x08001878                vPortFree
 .text.xPortGetFreeHeapSize
                0x08001894       0x20 ./FreeRTOS/Sources/heap_1.o
                0x08001894                xPortGetFreeHeapSize
 .text.vListInitialise
                0x080018b4       0x40 ./FreeRTOS/Sources/list.o
                0x080018b4                vListInitialise
 .text.vListInitialiseItem
                0x080018f4       0x1c ./FreeRTOS/Sources/list.o
                0x080018f4                vListInitialiseItem
 .text.vListInsertEnd
                0x08001910       0x50 ./FreeRTOS/Sources/list.o
                0x08001910                vListInsertEnd
 .text.vListInsert
                0x08001960       0x74 ./FreeRTOS/Sources/list.o
                0x08001960                vListInsert
 .text.uxListRemove
                0x080019d4       0x58 ./FreeRTOS/Sources/list.o
                0x080019d4                uxListRemove
 .text.pxPortInitialiseStack
                0x08001a2c       0x60 ./FreeRTOS/Sources/port.o
                0x08001a2c                pxPortInitialiseStack
 .text.SVC_Handler
                0x08001a8c       0x20 ./FreeRTOS/Sources/port.o
                0x08001a8c                SVC_Handler
 .text.prvPortStartFirstTask
                0x08001aac       0x14 ./FreeRTOS/Sources/port.o
 .text.xPortStartScheduler
                0x08001ac0       0x54 ./FreeRTOS/Sources/port.o
                0x08001ac0                xPortStartScheduler
 .text.vPortYieldFromISR
                0x08001b14       0x18 ./FreeRTOS/Sources/port.o
                0x08001b14                vPortYieldFromISR
 .text.vPortEnterCritical
                0x08001b2c       0x24 ./FreeRTOS/Sources/port.o
                0x08001b2c                vPortEnterCritical
 .text.vPortExitCritical
                0x08001b50       0x34 ./FreeRTOS/Sources/port.o
                0x08001b50                vPortExitCritical
 .text.ulPortSetInterruptMask
                0x08001b84       0x14 ./FreeRTOS/Sources/port.o
                0x08001b84                ulPortSetInterruptMask
 .text.vPortClearInterruptMask
                0x08001b98        0x8 ./FreeRTOS/Sources/port.o
                0x08001b98                vPortClearInterruptMask
 .text.PendSV_Handler
                0x08001ba0       0x3c ./FreeRTOS/Sources/port.o
                0x08001ba0                PendSV_Handler
 .text.SysTick_Handler
                0x08001bdc       0x24 ./FreeRTOS/Sources/port.o
                0x08001bdc                SysTick_Handler
 .text.vPortSetupTimerInterrupt
                0x08001c00       0x28 ./FreeRTOS/Sources/port.o
                0x08001c00                vPortSetupTimerInterrupt
 .text.xQueueGenericReset
                0x08001c28       0xc0 ./FreeRTOS/Sources/queue.o
                0x08001c28                xQueueGenericReset
 .text.xQueueGenericCreate
                0x08001ce8       0x88 ./FreeRTOS/Sources/queue.o
                0x08001ce8                xQueueGenericCreate
 .text.xQueueGenericSend
                0x08001d70      0x150 ./FreeRTOS/Sources/queue.o
                0x08001d70                xQueueGenericSend
 .text.xQueueGenericSendFromISR
                0x08001ec0       0xbc ./FreeRTOS/Sources/queue.o
                0x08001ec0                xQueueGenericSendFromISR
 .text.xQueueGenericReceive
                0x08001f7c      0x1b8 ./FreeRTOS/Sources/queue.o
                0x08001f7c                xQueueGenericReceive
 .text.prvCopyDataToQueue
                0x08002134       0xc4 ./FreeRTOS/Sources/queue.o
 .text.prvCopyDataFromQueue
                0x080021f8       0x50 ./FreeRTOS/Sources/queue.o
 .text.prvUnlockQueue
                0x08002248       0xa0 ./FreeRTOS/Sources/queue.o
 .text.prvIsQueueEmpty
                0x080022e8       0x34 ./FreeRTOS/Sources/queue.o
 .text.prvIsQueueFull
                0x0800231c       0x38 ./FreeRTOS/Sources/queue.o
 .text.vQueueWaitForMessageRestricted
                0x08002354       0x60 ./FreeRTOS/Sources/queue.o
                0x08002354                vQueueWaitForMessageRestricted
 .text.xTaskGenericCreate
                0x080023b4      0x1e4 ./FreeRTOS/Sources/tasks.o
                0x080023b4                xTaskGenericCreate
 .text.vTaskDelay
                0x08002598       0x5c ./FreeRTOS/Sources/tasks.o
                0x08002598                vTaskDelay
 .text.vTaskStartScheduler
                0x080025f4       0x88 ./FreeRTOS/Sources/tasks.o
                0x080025f4                vTaskStartScheduler
 .text.vTaskSuspendAll
                0x0800267c       0x24 ./FreeRTOS/Sources/tasks.o
                0x0800267c                vTaskSuspendAll
 .text.xTaskResumeAll
                0x080026a0      0x164 ./FreeRTOS/Sources/tasks.o
                0x080026a0                xTaskResumeAll
 .text.xTaskGetTickCount
                0x08002804       0x28 ./FreeRTOS/Sources/tasks.o
                0x08002804                xTaskGetTickCount
 .text.vTaskIncrementTick
                0x0800282c      0x1cc ./FreeRTOS/Sources/tasks.o
                0x0800282c                vTaskIncrementTick
 .text.vTaskSwitchContext
                0x080029f8      0x154 ./FreeRTOS/Sources/tasks.o
                0x080029f8                vTaskSwitchContext
 .text.vTaskPlaceOnEventList
                0x08002b4c       0x84 ./FreeRTOS/Sources/tasks.o
                0x08002b4c                vTaskPlaceOnEventList
 .text.vTaskPlaceOnEventListRestricted
                0x08002bd0       0x60 ./FreeRTOS/Sources/tasks.o
                0x08002bd0                vTaskPlaceOnEventListRestricted
 .text.xTaskRemoveFromEventList
                0x08002c30       0xd0 ./FreeRTOS/Sources/tasks.o
                0x08002c30                xTaskRemoveFromEventList
 .text.vTaskSetTimeOutState
                0x08002d00       0x38 ./FreeRTOS/Sources/tasks.o
                0x08002d00                vTaskSetTimeOutState
 .text.xTaskCheckForTimeOut
                0x08002d38       0xbc ./FreeRTOS/Sources/tasks.o
                0x08002d38                xTaskCheckForTimeOut
 .text.vTaskMissedYield
                0x08002df4       0x18 ./FreeRTOS/Sources/tasks.o
                0x08002df4                vTaskMissedYield
 .text.prvIdleTask
                0x08002e0c       0x24 ./FreeRTOS/Sources/tasks.o
 .text.prvInitialiseTCBVariables
                0x08002e30       0x78 ./FreeRTOS/Sources/tasks.o
 .text.prvInitialiseTaskLists
                0x08002ea8       0xa4 ./FreeRTOS/Sources/tasks.o
 .text.prvCheckTasksWaitingTermination
                0x08002f4c       0x9c ./FreeRTOS/Sources/tasks.o
 .text.prvAddCurrentTaskToDelayedList
                0x08002fe8       0x8c ./FreeRTOS/Sources/tasks.o
 .text.prvAllocateTCBAndStack
                0x08003074       0x70 ./FreeRTOS/Sources/tasks.o
 .text.prvDeleteTCB
                0x080030e4       0x20 ./FreeRTOS/Sources/tasks.o
 .text.xTaskGetCurrentTaskHandle
                0x08003104       0x20 ./FreeRTOS/Sources/tasks.o
                0x08003104                xTaskGetCurrentTaskHandle
 .text.xTaskGetSchedulerState
                0x08003124       0x48 ./FreeRTOS/Sources/tasks.o
                0x08003124                xTaskGetSchedulerState
 .text.vTaskPriorityInherit
                0x0800316c       0xdc ./FreeRTOS/Sources/tasks.o
                0x0800316c                vTaskPriorityInherit
 .text.vTaskPriorityDisinherit
                0x08003248       0x90 ./FreeRTOS/Sources/tasks.o
                0x08003248                vTaskPriorityDisinherit
 .text.xTimerCreateTimerTask
                0x080032d8       0x6c ./FreeRTOS/Sources/timers.o
                0x080032d8                xTimerCreateTimerTask
 .text.xTimerGenericCommand
                0x08003344       0xac ./FreeRTOS/Sources/timers.o
                0x08003344                xTimerGenericCommand
 .text.prvProcessExpiredTimer
                0x080033f0       0x7c ./FreeRTOS/Sources/timers.o
 .text.prvTimerTask
                0x0800346c       0x24 ./FreeRTOS/Sources/timers.o
 .text.prvProcessTimerOrBlockTask
                0x08003490       0x74 ./FreeRTOS/Sources/timers.o
 .text.prvGetNextExpireTime
                0x08003504       0x54 ./FreeRTOS/Sources/timers.o
 .text.prvSampleTimeNow
                0x08003558       0x58 ./FreeRTOS/Sources/timers.o
 .text.prvInsertTimerInActiveList
                0x080035b0       0x94 ./FreeRTOS/Sources/timers.o
 .text.prvProcessReceivedCommands
                0x08003644      0x104 ./FreeRTOS/Sources/timers.o
 .text.prvSwitchTimerLists
                0x08003748       0xe8 ./FreeRTOS/Sources/timers.o
 .text.prvCheckForValidListAndQueue
                0x08003830       0x74 ./FreeRTOS/Sources/timers.o
 .text.Reset_Handler
                0x080038a4       0x4c ./CMSIS/startup_stm32f10x_md_vl.o
                0x080038a4                Reset_Handler
 .text.Default_Handler
                0x080038f0        0x4 ./CMSIS/startup_stm32f10x_md_vl.o
                0x080038f0                EXTI2_IRQHandler
                0x080038f0                DebugMon_Handler
                0x080038f0                TIM1_CC_IRQHandler
                0x080038f0                HardFault_Handler
                0x080038f0                PVD_IRQHandler
                0x080038f0                NMI_Handler
                0x080038f0                EXTI3_IRQHandler
                0x080038f0                I2C2_EV_IRQHandler
                0x080038f0                TIM1_UP_TIM16_IRQHandler
                0x080038f0                UsageFault_Handler
                0x080038f0                SPI1_IRQHandler
                0x080038f0                TAMPER_IRQHandler
                0x080038f0                DMA1_Channel4_IRQHandler
                0x080038f0                ADC1_IRQHandler
                0x080038f0                USART3_IRQHandler
                0x080038f0                RTC_IRQHandler
                0x080038f0                DMA1_Channel7_IRQHandler
                0x080038f0                TIM4_IRQHandler
                0x080038f0                I2C1_EV_IRQHandler
                0x080038f0                DMA1_Channel6_IRQHandler
                0x080038f0                TIM3_IRQHandler
                0x080038f0                RCC_IRQHandler
                0x080038f0                DMA1_Channel1_IRQHandler
                0x080038f0                Default_Handler
                0x080038f0                CEC_IRQHandler
                0x080038f0                EXTI15_10_IRQHandler
                0x080038f0                TIM7_IRQHandler
                0x080038f0                EXTI9_5_IRQHandler
                0x080038f0                SPI2_IRQHandler
                0x080038f0                MemManage_Handler
                0x080038f0                DMA1_Channel5_IRQHandler
                0x080038f0                EXTI4_IRQHandler
                0x080038f0                TIM1_TRG_COM_TIM17_IRQHandler
                0x080038f0                DMA1_Channel3_IRQHandler
                0x080038f0                WWDG_IRQHandler
                0x080038f0                TIM2_IRQHandler
                0x080038f0                EXTI1_IRQHandler
                0x080038f0                RTCAlarm_IRQHandler
                0x080038f0                USART2_IRQHandler
                0x080038f0                I2C2_ER_IRQHandler
                0x080038f0                DMA1_Channel2_IRQHandler
                0x080038f0                FLASH_IRQHandler
                0x080038f0                BusFault_Handler
                0x080038f0                I2C1_ER_IRQHandler
                0x080038f0                TIM1_BRK_TIM15_IRQHandler
 .text.SystemInit
                0x080038f4       0xb8 ./CMSIS/system_stm32f10x.o
                0x080038f4                SystemInit
 .text.SetSysClock
                0x080039ac        0xc ./CMSIS/system_stm32f10x.o
 .text.SetSysClockTo24
                0x080039b8      0x15c ./CMSIS/system_stm32f10x.o
 .text.SetupClock
                0x08003b14       0x74 ./main.o
                0x08003b14                SetupClock
 .text.LEDsInit
                0x08003b88       0x40 ./main.o
                0x08003b88                LEDsInit
 .text.BtnInit  0x08003bc8       0x44 ./main.o
                0x08003bc8                BtnInit
 .text.USART_GPIO_Configuration
                0x08003c0c       0x5c ./main.o
                0x08003c0c                USART_GPIO_Configuration
 .text.USART_Configuration
                0x08003c68       0x78 ./main.o
                0x08003c68                USART_Configuration
 .text.EXTI_Configuration
                0x08003ce0       0x30 ./main.o
                0x08003ce0                EXTI_Configuration
 .text.NVIC_Configuration_USART1
                0x08003d10       0x60 ./main.o
                0x08003d10                NVIC_Configuration_USART1
 .text.NVIC_Configuration_USER_BUTTON
                0x08003d70       0x38 ./main.o
                0x08003d70                NVIC_Configuration_USER_BUTTON
 .text.EXTI0_IRQHandler
                0x08003da8       0x60 ./main.o
                0x08003da8                EXTI0_IRQHandler
 .text.vFreeRTOSInitAll
                0x08003e08       0x2c ./main.o
                0x08003e08                vFreeRTOSInitAll
 .text.vTaskLED
                0x08003e34       0x2c ./main.o
                0x08003e34                vTaskLED
 .text.USART1_IRQHandler
                0x08003e60       0x44 ./main.o
                0x08003e60                USART1_IRQHandler
 .text.vTaskDS1821
                0x08003ea4       0xb8 ./main.o
                0x08003ea4                vTaskDS1821
 .text.main     0x08003f5c       0x78 ./main.o
                0x08003f5c                main
 .text.vApplicationMallocFailedHook
                0x08003fd4        0x8 ./main.o
                0x08003fd4                vApplicationMallocFailedHook
 .text.vApplicationStackOverflowHook
                0x08003fdc        0xc ./main.o
                0x08003fdc                vApplicationStackOverflowHook
 .text.vApplicationIdleHook
                0x08003fe8       0x18 ./main.o
                0x08003fe8                vApplicationIdleHook
 .text.UARTSend
                0x08004000       0x60 ./main.o
                0x08004000                UARTSend
 .text.memcmp   0x08004060       0xb8 /home/frolls/ARM/gcc-arm-none-eabi-4_7-2012q4/bin/../lib/gcc/arm-none-eabi/4.7.3/../../../../arm-none-eabi/lib/armv7-m/libg.a(lib_a-memcmp.o)
                0x08004060                memcmp
 .text.memcpy   0x08004118      0x15c /home/frolls/ARM/gcc-arm-none-eabi-4_7-2012q4/bin/../lib/gcc/arm-none-eabi/4.7.3/../../../../arm-none-eabi/lib/armv7-m/libg.a(lib_a-memcpy.o)
                0x08004118                memcpy
 .text.memset   0x08004274      0x12c /home/frolls/ARM/gcc-arm-none-eabi-4_7-2012q4/bin/../lib/gcc/arm-none-eabi/4.7.3/../../../../arm-none-eabi/lib/armv7-m/libg.a(lib_a-memset.o)
                0x08004274                memset
 .text.strncpy  0x080043a0      0x10c /home/frolls/ARM/gcc-arm-none-eabi-4_7-2012q4/bin/../lib/gcc/arm-none-eabi/4.7.3/../../../../arm-none-eabi/lib/armv7-m/libg.a(lib_a-strncpy.o)
                0x080043a0                strncpy
 *(.rodata)
 .rodata        0x080044ac       0x20 ./Work/Sources/serial.o
 .rodata        0x080044cc        0x8 ./FreeRTOS/Sources/tasks.o
 .rodata        0x080044d4        0x8 ./FreeRTOS/Sources/timers.o
 .rodata        0x080044dc       0xd8 ./main.o
 *(.rodata*)
 .rodata.ucExpectedStackBytes.5898
                0x080045b4       0x14 ./FreeRTOS/Sources/tasks.o
 *(.glue_7)
 .glue_7        0x00000000        0x0 linker stubs
 *(.glue_7t)
 .glue_7t       0x00000000        0x0 linker stubs
 *(.init)
 *(.fini)
                0x080045c8                . = ALIGN (0x4)
                0x080045c8                _etext = .

.vfp11_veneer   0x080045c8        0x0
 .vfp11_veneer  0x00000000        0x0 linker stubs

.v4_bx          0x080045c8        0x0
 .v4_bx         0x00000000        0x0 linker stubs

.iplt           0x080045c8        0x0
 .iplt          0x00000000        0x0 ./Work/Sources/CRC.o

.rel.dyn        0x080045c8        0x0
 .rel.iplt      0x00000000        0x0 ./Work/Sources/CRC.o

.ARM.extab
 *(.ARM.extab* .gnu.linkonce.armextab.*)

.ARM            0x080045c8        0x0
                0x080045c8                __exidx_start = .
 *(.ARM.exidx*)
                0x080045c8                __exidx_end = .

.ARM.attributes
                0x080045c8       0x31
 *(.ARM.attributes)
 .ARM.attributes
                0x080045c8       0x33 ./Work/Sources/ds1821.o
 .ARM.attributes
                0x080045fb       0x33 ./Work/Sources/oneWire.o
 .ARM.attributes
                0x0800462e       0x33 ./Work/Sources/serial.o
 .ARM.attributes
                0x08004661       0x33 ./Work/Sources/stm32_GPIO.o
 .ARM.attributes
                0x08004694       0x33 ./Work/Sources/timer6.o
 .ARM.attributes
                0x080046c7       0x33 ./StdPeripheralDriver/src/misc.o
 .ARM.attributes
                0x080046fa       0x33 ./StdPeripheralDriver/src/stm32f10x_exti.o
 .ARM.attributes
                0x0800472d       0x33 ./StdPeripheralDriver/src/stm32f10x_gpio.o
 .ARM.attributes
                0x08004760       0x33 ./StdPeripheralDriver/src/stm32f10x_rcc.o
 .ARM.attributes
                0x08004793       0x33 ./StdPeripheralDriver/src/stm32f10x_tim.o
 .ARM.attributes
                0x080047c6       0x33 ./StdPeripheralDriver/src/stm32f10x_usart.o
 .ARM.attributes
                0x080047f9       0x33 ./FreeRTOS/Sources/heap_1.o
 .ARM.attributes
                0x0800482c       0x33 ./FreeRTOS/Sources/list.o
 .ARM.attributes
                0x0800485f       0x33 ./FreeRTOS/Sources/port.o
 .ARM.attributes
                0x08004892       0x33 ./FreeRTOS/Sources/queue.o
 .ARM.attributes
                0x080048c5       0x33 ./FreeRTOS/Sources/tasks.o
 .ARM.attributes
                0x080048f8       0x33 ./FreeRTOS/Sources/timers.o
 .ARM.attributes
                0x0800492b       0x21 ./CMSIS/startup_stm32f10x_md_vl.o
 .ARM.attributes
                0x0800494c       0x33 ./CMSIS/system_stm32f10x.o
 .ARM.attributes
                0x0800497f       0x33 ./main.o
 .ARM.attributes
                0x080049b2       0x2d /home/frolls/ARM/gcc-arm-none-eabi-4_7-2012q4/bin/../lib/gcc/arm-none-eabi/4.7.3/../../../../arm-none-eabi/lib/armv7-m/libg.a(lib_a-memcmp.o)
 .ARM.attributes
                0x080049df       0x2d /home/frolls/ARM/gcc-arm-none-eabi-4_7-2012q4/bin/../lib/gcc/arm-none-eabi/4.7.3/../../../../arm-none-eabi/lib/armv7-m/libg.a(lib_a-memcpy.o)
 .ARM.attributes
                0x08004a0c       0x2d /home/frolls/ARM/gcc-arm-none-eabi-4_7-2012q4/bin/../lib/gcc/arm-none-eabi/4.7.3/../../../../arm-none-eabi/lib/armv7-m/libg.a(lib_a-memset.o)
 .ARM.attributes
                0x08004a39       0x2d /home/frolls/ARM/gcc-arm-none-eabi-4_7-2012q4/bin/../lib/gcc/arm-none-eabi/4.7.3/../../../../arm-none-eabi/lib/armv7-m/libg.a(lib_a-strncpy.o)

.preinit_array  0x080045c8        0x0
                0x080045c8                PROVIDE (__preinit_array_start, .)
 *(.preinit_array*)
                0x080045c8                PROVIDE (__preinit_array_end, .)

.init_array     0x080045c8        0x0
                0x080045c8                PROVIDE (__init_array_start, .)
 *(SORT(.init_array.*))
 *(.init_array*)
                0x080045c8                PROVIDE (__init_array_end, .)

.fini_array     0x080045c8        0x0
                0x080045c8                PROVIDE (__fini_array_start, .)
 *(.fini_array*)
 *(SORT(.fini_array.*))
                0x080045c8                PROVIDE (__fini_array_end, .)
                0x080045c8                _sidata = .

.data           0x20000000       0x20 load address 0x08004a66
                0x20000000                . = ALIGN (0x4)
                0x20000000                _sdata = .
 *(.data)
 *(.data*)
 .data.APBAHBPrescTable
                0x20000000       0x10 ./StdPeripheralDriver/src/stm32f10x_rcc.o
 .data.ADCPrescTable
                0x20000010        0x4 ./StdPeripheralDriver/src/stm32f10x_rcc.o
 .data.uxCriticalNesting
                0x20000014        0x4 ./FreeRTOS/Sources/port.o
 .data.xNextTaskUnblockTime
                0x20000018        0x4 ./FreeRTOS/Sources/tasks.o
 .data.SystemCoreClock
                0x2000001c        0x4 ./CMSIS/system_stm32f10x.o
                0x2000001c                SystemCoreClock
                0x20000020                . = ALIGN (0x4)
                0x20000020                _edata = .

.igot.plt       0x20000020        0x0 load address 0x08004a88
 .igot.plt      0x00000000        0x0 ./Work/Sources/CRC.o
                0x20000020                . = ALIGN (0x4)

.bss            0x20000020     0x1d44 load address 0x08004a88
                0x20000020                _sbss = .
                0x20000020                __bss_start__ = _sbss
 *(.bss)
 *(.bss*)
 .bss.delay_end
                0x20000020        0x1 ./Work/Sources/timer6.o
                0x20000020                delay_end
 *fill*         0x20000021        0x3 00
 .bss.ucHeap    0x20000024     0x1c00 ./FreeRTOS/Sources/heap_1.o
 .bss.xNextFreeByte
                0x20001c24        0x4 ./FreeRTOS/Sources/heap_1.o
 .bss.pucAlignedHeap.4824
                0x20001c28        0x4 ./FreeRTOS/Sources/heap_1.o
 .bss.pxCurrentTCB
                0x20001c2c        0x4 ./FreeRTOS/Sources/tasks.o
                0x20001c2c                pxCurrentTCB
 .bss.pxReadyTasksLists
                0x20001c30       0x64 ./FreeRTOS/Sources/tasks.o
 .bss.xDelayedTaskList1
                0x20001c94       0x14 ./FreeRTOS/Sources/tasks.o
 .bss.xDelayedTaskList2
                0x20001ca8       0x14 ./FreeRTOS/Sources/tasks.o
 .bss.pxDelayedTaskList
                0x20001cbc        0x4 ./FreeRTOS/Sources/tasks.o
 .bss.pxOverflowDelayedTaskList
                0x20001cc0        0x4 ./FreeRTOS/Sources/tasks.o
 .bss.xPendingReadyList
                0x20001cc4       0x14 ./FreeRTOS/Sources/tasks.o
 .bss.xTasksWaitingTermination
                0x20001cd8       0x14 ./FreeRTOS/Sources/tasks.o
 .bss.uxTasksDeleted
                0x20001cec        0x4 ./FreeRTOS/Sources/tasks.o
 .bss.xSuspendedTaskList
                0x20001cf0       0x14 ./FreeRTOS/Sources/tasks.o
 .bss.uxCurrentNumberOfTasks
                0x20001d04        0x4 ./FreeRTOS/Sources/tasks.o
 .bss.xTickCount
                0x20001d08        0x4 ./FreeRTOS/Sources/tasks.o
 .bss.uxTopUsedPriority
                0x20001d0c        0x4 ./FreeRTOS/Sources/tasks.o
 .bss.uxTopReadyPriority
                0x20001d10        0x4 ./FreeRTOS/Sources/tasks.o
 .bss.xSchedulerRunning
                0x20001d14        0x4 ./FreeRTOS/Sources/tasks.o
 .bss.uxSchedulerSuspended
                0x20001d18        0x4 ./FreeRTOS/Sources/tasks.o
 .bss.uxMissedTicks
                0x20001d1c        0x4 ./FreeRTOS/Sources/tasks.o
 .bss.xMissedYield
                0x20001d20        0x4 ./FreeRTOS/Sources/tasks.o
 .bss.xNumOfOverflows
                0x20001d24        0x4 ./FreeRTOS/Sources/tasks.o
 .bss.uxTaskNumber
                0x20001d28        0x4 ./FreeRTOS/Sources/tasks.o
 .bss.xActiveTimerList1
                0x20001d2c       0x14 ./FreeRTOS/Sources/timers.o
 .bss.xActiveTimerList2
                0x20001d40       0x14 ./FreeRTOS/Sources/timers.o
 .bss.pxCurrentTimerList
                0x20001d54        0x4 ./FreeRTOS/Sources/timers.o
 .bss.pxOverflowTimerList
                0x20001d58        0x4 ./FreeRTOS/Sources/timers.o
 .bss.xTimerQueue
                0x20001d5c        0x4 ./FreeRTOS/Sources/timers.o
 .bss.xLastTime.4459
                0x20001d60        0x4 ./FreeRTOS/Sources/timers.o
 *(COMMON)
                0x20001d64                . = ALIGN (0x4)
                0x20001d64                _ebss = .
                0x20001d64                __bss_end__ = _ebss
                0x20001d64                PROVIDE (end, _ebss)
                0x20001d64                PROVIDE (_end, _ebss)

._user_heap_stack
                0x20001d64      0x100 load address 0x080067cc
                0x20001d64                . = ALIGN (0x4)
                0x20001d64                . = (. + MIN_HEAP_SIZE)
                0x20001e64                . = (. + MIN_STACK_SIZE)
 *fill*         0x20001d64      0x100 00
                0x20001e64                . = ALIGN (0x4)

/DISCARD/
 libc.a(*)
 libm.a(*)
 libgcc.a(*)
OUTPUT(stm32vld_template.elf elf32-littlearm)

.debug_info     0x00000000     0x8760
 .debug_info    0x00000000      0x352 ./Work/Sources/ds1821.o
 .debug_info    0x00000352      0x2bb ./Work/Sources/oneWire.o
 .debug_info    0x0000060d      0x2e5 ./Work/Sources/serial.o
 .debug_info    0x000008f2      0x3a8 ./Work/Sources/stm32_GPIO.o
 .debug_info    0x00000c9a      0x5a1 ./Work/Sources/timer6.o
 .debug_info    0x0000123b      0x54c ./StdPeripheralDriver/src/misc.o
 .debug_info    0x00001787      0x36a ./StdPeripheralDriver/src/stm32f10x_exti.o
 .debug_info    0x00001af1      0x730 ./StdPeripheralDriver/src/stm32f10x_gpio.o
 .debug_info    0x00002221      0x998 ./StdPeripheralDriver/src/stm32f10x_rcc.o
 .debug_info    0x00002bb9     0x1e74 ./StdPeripheralDriver/src/stm32f10x_tim.o
 .debug_info    0x00004a2d      0xa8a ./StdPeripheralDriver/src/stm32f10x_usart.o
 .debug_info    0x000054b7      0x180 ./FreeRTOS/Sources/heap_1.o
 .debug_info    0x00005637      0x2be ./FreeRTOS/Sources/list.o
 .debug_info    0x000058f5      0x225 ./FreeRTOS/Sources/port.o
 .debug_info    0x00005b1a      0x88b ./FreeRTOS/Sources/queue.o
 .debug_info    0x000063a5      0xe68 ./FreeRTOS/Sources/tasks.o
 .debug_info    0x0000720d      0x757 ./FreeRTOS/Sources/timers.o
 .debug_info    0x00007964       0x70 ./CMSIS/startup_stm32f10x_md_vl.o
 .debug_info    0x000079d4      0x414 ./CMSIS/system_stm32f10x.o
 .debug_info    0x00007de8      0x978 ./main.o

.debug_abbrev   0x00000000     0x1aea
 .debug_abbrev  0x00000000       0xcf ./Work/Sources/ds1821.o
 .debug_abbrev  0x000000cf      0x105 ./Work/Sources/oneWire.o
 .debug_abbrev  0x000001d4       0xfd ./Work/Sources/serial.o
 .debug_abbrev  0x000002d1      0x142 ./Work/Sources/stm32_GPIO.o
 .debug_abbrev  0x00000413      0x160 ./Work/Sources/timer6.o
 .debug_abbrev  0x00000573      0x13d ./StdPeripheralDriver/src/misc.o
 .debug_abbrev  0x000006b0      0x158 ./StdPeripheralDriver/src/stm32f10x_exti.o
 .debug_abbrev  0x00000808      0x1eb ./StdPeripheralDriver/src/stm32f10x_gpio.o
 .debug_abbrev  0x000009f3      0x1c1 ./StdPeripheralDriver/src/stm32f10x_rcc.o
 .debug_abbrev  0x00000bb4      0x1b7 ./StdPeripheralDriver/src/stm32f10x_tim.o
 .debug_abbrev  0x00000d6b      0x169 ./StdPeripheralDriver/src/stm32f10x_usart.o
 .debug_abbrev  0x00000ed4      0x10d ./FreeRTOS/Sources/heap_1.o
 .debug_abbrev  0x00000fe1       0xc3 ./FreeRTOS/Sources/list.o
 .debug_abbrev  0x000010a4      0x199 ./FreeRTOS/Sources/port.o
 .debug_abbrev  0x0000123d      0x155 ./FreeRTOS/Sources/queue.o
 .debug_abbrev  0x00001392      0x1cb ./FreeRTOS/Sources/tasks.o
 .debug_abbrev  0x0000155d      0x17a ./FreeRTOS/Sources/timers.o
 .debug_abbrev  0x000016d7       0x12 ./CMSIS/startup_stm32f10x_md_vl.o
 .debug_abbrev  0x000016e9      0x17e ./CMSIS/system_stm32f10x.o
 .debug_abbrev  0x00001867      0x283 ./main.o

.debug_loc      0x00000000     0x44f4
 .debug_loc     0x00000000      0x188 ./Work/Sources/ds1821.o
 .debug_loc     0x00000188      0x118 ./Work/Sources/oneWire.o
 .debug_loc     0x000002a0       0xe0 ./Work/Sources/serial.o
 .debug_loc     0x00000380      0x188 ./Work/Sources/stm32_GPIO.o
 .debug_loc     0x00000508      0x100 ./Work/Sources/timer6.o
 .debug_loc     0x00000608      0x118 ./StdPeripheralDriver/src/misc.o
 .debug_loc     0x00000720      0x1b4 ./StdPeripheralDriver/src/stm32f10x_exti.o
 .debug_loc     0x000008d4      0x3e4 ./StdPeripheralDriver/src/stm32f10x_gpio.o
 .debug_loc     0x00000cb8      0x714 ./StdPeripheralDriver/src/stm32f10x_rcc.o
 .debug_loc     0x000013cc     0x13e8 ./StdPeripheralDriver/src/stm32f10x_tim.o
 .debug_loc     0x000027b4      0x658 ./StdPeripheralDriver/src/stm32f10x_usart.o
 .debug_loc     0x00002e0c       0xc8 ./FreeRTOS/Sources/heap_1.o
 .debug_loc     0x00002ed4      0x118 ./FreeRTOS/Sources/list.o
 .debug_loc     0x00002fec      0x16c ./FreeRTOS/Sources/port.o
 .debug_loc     0x00003158      0x3f0 ./FreeRTOS/Sources/queue.o
 .debug_loc     0x00003548      0x7b0 ./FreeRTOS/Sources/tasks.o
 .debug_loc     0x00003cf8      0x304 ./FreeRTOS/Sources/timers.o
 .debug_loc     0x00003ffc       0xc8 ./CMSIS/system_stm32f10x.o
 .debug_loc     0x000040c4      0x430 ./main.o

.debug_aranges  0x00000000      0xc20
 .debug_aranges
                0x00000000       0x50 ./Work/Sources/ds1821.o
 .debug_aranges
                0x00000050       0x40 ./Work/Sources/oneWire.o
 .debug_aranges
                0x00000090       0x38 ./Work/Sources/serial.o
 .debug_aranges
                0x000000c8       0x50 ./Work/Sources/stm32_GPIO.o
 .debug_aranges
                0x00000118       0x40 ./Work/Sources/timer6.o
 .debug_aranges
                0x00000158       0x40 ./StdPeripheralDriver/src/misc.o
 .debug_aranges
                0x00000198       0x58 ./StdPeripheralDriver/src/stm32f10x_exti.o
 .debug_aranges
                0x000001f0       0xa8 ./StdPeripheralDriver/src/stm32f10x_gpio.o
 .debug_aranges
                0x00000298      0x120 ./StdPeripheralDriver/src/stm32f10x_rcc.o
 .debug_aranges
                0x000003b8      0x2f0 ./StdPeripheralDriver/src/stm32f10x_tim.o
 .debug_aranges
                0x000006a8      0x100 ./StdPeripheralDriver/src/stm32f10x_usart.o
 .debug_aranges
                0x000007a8       0x38 ./FreeRTOS/Sources/heap_1.o
 .debug_aranges
                0x000007e0       0x40 ./FreeRTOS/Sources/list.o
 .debug_aranges
                0x00000820       0x80 ./FreeRTOS/Sources/port.o
 .debug_aranges
                0x000008a0       0xa8 ./FreeRTOS/Sources/queue.o
 .debug_aranges
                0x00000948      0x138 ./FreeRTOS/Sources/tasks.o
 .debug_aranges
                0x00000a80       0x88 ./FreeRTOS/Sources/timers.o
 .debug_aranges
                0x00000b08       0x28 ./CMSIS/startup_stm32f10x_md_vl.o
 .debug_aranges
                0x00000b30       0x38 ./CMSIS/system_stm32f10x.o
 .debug_aranges
                0x00000b68       0xb8 ./main.o

.debug_ranges   0x00000000      0xae8
 .debug_ranges  0x00000000       0x40 ./Work/Sources/ds1821.o
 .debug_ranges  0x00000040       0x30 ./Work/Sources/oneWire.o
 .debug_ranges  0x00000070       0x28 ./Work/Sources/serial.o
 .debug_ranges  0x00000098       0x40 ./Work/Sources/stm32_GPIO.o
 .debug_ranges  0x000000d8       0x30 ./Work/Sources/timer6.o
 .debug_ranges  0x00000108       0x30 ./StdPeripheralDriver/src/misc.o
 .debug_ranges  0x00000138       0x48 ./StdPeripheralDriver/src/stm32f10x_exti.o
 .debug_ranges  0x00000180       0x98 ./StdPeripheralDriver/src/stm32f10x_gpio.o
 .debug_ranges  0x00000218      0x110 ./StdPeripheralDriver/src/stm32f10x_rcc.o
 .debug_ranges  0x00000328      0x2e0 ./StdPeripheralDriver/src/stm32f10x_tim.o
 .debug_ranges  0x00000608       0xf0 ./StdPeripheralDriver/src/stm32f10x_usart.o
 .debug_ranges  0x000006f8       0x28 ./FreeRTOS/Sources/heap_1.o
 .debug_ranges  0x00000720       0x30 ./FreeRTOS/Sources/list.o
 .debug_ranges  0x00000750       0x70 ./FreeRTOS/Sources/port.o
 .debug_ranges  0x000007c0       0x98 ./FreeRTOS/Sources/queue.o
 .debug_ranges  0x00000858      0x128 ./FreeRTOS/Sources/tasks.o
 .debug_ranges  0x00000980       0x78 ./FreeRTOS/Sources/timers.o
 .debug_ranges  0x000009f8       0x20 ./CMSIS/startup_stm32f10x_md_vl.o
 .debug_ranges  0x00000a18       0x28 ./CMSIS/system_stm32f10x.o
 .debug_ranges  0x00000a40       0xa8 ./main.o

.debug_macro    0x00000000     0xcd8a
 .debug_macro   0x00000000      0x109 ./Work/Sources/ds1821.o
 .debug_macro   0x00000109       0x55 ./Work/Sources/ds1821.o
 .debug_macro   0x0000015e       0x22 ./Work/Sources/ds1821.o
 .debug_macro   0x00000180      0x214 ./Work/Sources/ds1821.o
 .debug_macro   0x00000394      0x69f ./Work/Sources/ds1821.o
 .debug_macro   0x00000a33     0x7ea5 ./Work/Sources/ds1821.o
 .debug_macro   0x000088d8       0x10 ./Work/Sources/ds1821.o
 .debug_macro   0x000088e8       0x35 ./Work/Sources/ds1821.o
 .debug_macro   0x0000891d      0x2ac ./Work/Sources/ds1821.o
 .debug_macro   0x00008bc9      0x461 ./Work/Sources/ds1821.o
 .debug_macro   0x0000902a      0x711 ./Work/Sources/ds1821.o
 .debug_macro   0x0000973b      0x16c ./Work/Sources/ds1821.o
 .debug_macro   0x000098a7       0x46 ./Work/Sources/ds1821.o
 .debug_macro   0x000098ed      0x118 ./Work/Sources/ds1821.o
 .debug_macro   0x00009a05       0x9e ./Work/Sources/ds1821.o
 .debug_macro   0x00009aa3       0x12 ./Work/Sources/ds1821.o
 .debug_macro   0x00009ab5       0x1f ./Work/Sources/ds1821.o
 .debug_macro   0x00009ad4      0x203 ./Work/Sources/ds1821.o
 .debug_macro   0x00009cd7       0x8a ./Work/Sources/ds1821.o
 .debug_macro   0x00009d61       0x10 ./Work/Sources/ds1821.o
 .debug_macro   0x00009d71       0x58 ./Work/Sources/ds1821.o
 .debug_macro   0x00009dc9       0x46 ./Work/Sources/ds1821.o
 .debug_macro   0x00009e0f      0x100 ./Work/Sources/oneWire.o
 .debug_macro   0x00009f0f      0x45b ./Work/Sources/oneWire.o
 .debug_macro   0x0000a36a       0x74 ./Work/Sources/serial.o
 .debug_macro   0x0000a3de      0x21a ./Work/Sources/serial.o
 .debug_macro   0x0000a5f8       0x6e ./Work/Sources/stm32_GPIO.o
 .debug_macro   0x0000a666       0xde ./Work/Sources/timer6.o
 .debug_macro   0x0000a744       0x70 ./StdPeripheralDriver/src/misc.o
 .debug_macro   0x0000a7b4       0x84 ./StdPeripheralDriver/src/misc.o
 .debug_macro   0x0000a838       0x70 ./StdPeripheralDriver/src/stm32f10x_exti.o
 .debug_macro   0x0000a8a8       0x94 ./StdPeripheralDriver/src/stm32f10x_exti.o
 .debug_macro   0x0000a93c       0xc1 ./StdPeripheralDriver/src/stm32f10x_gpio.o
 .debug_macro   0x0000a9fd      0x2a6 ./StdPeripheralDriver/src/stm32f10x_gpio.o
 .debug_macro   0x0000aca3      0x194 ./StdPeripheralDriver/src/stm32f10x_rcc.o
 .debug_macro   0x0000ae37       0x8b ./StdPeripheralDriver/src/stm32f10x_tim.o
 .debug_macro   0x0000aec2      0x70b ./StdPeripheralDriver/src/stm32f10x_tim.o
 .debug_macro   0x0000b5cd      0x127 ./StdPeripheralDriver/src/stm32f10x_usart.o
 .debug_macro   0x0000b6f4      0x145 ./FreeRTOS/Sources/heap_1.o
 .debug_macro   0x0000b839       0x3a ./FreeRTOS/Sources/heap_1.o
 .debug_macro   0x0000b873       0x2e ./FreeRTOS/Sources/heap_1.o
 .debug_macro   0x0000b8a1       0x94 ./FreeRTOS/Sources/heap_1.o
 .debug_macro   0x0000b935       0x10 ./FreeRTOS/Sources/heap_1.o
 .debug_macro   0x0000b945      0x100 ./FreeRTOS/Sources/heap_1.o
 .debug_macro   0x0000ba45       0x3a ./FreeRTOS/Sources/heap_1.o
 .debug_macro   0x0000ba7f       0x52 ./FreeRTOS/Sources/heap_1.o
 .debug_macro   0x0000bad1       0x19 ./FreeRTOS/Sources/heap_1.o
 .debug_macro   0x0000baea      0x16d ./FreeRTOS/Sources/heap_1.o
 .debug_macro   0x0000bc57       0x16 ./FreeRTOS/Sources/heap_1.o
 .debug_macro   0x0000bc6d       0x29 ./FreeRTOS/Sources/heap_1.o
 .debug_macro   0x0000bc96       0x85 ./FreeRTOS/Sources/heap_1.o
 .debug_macro   0x0000bd1b      0x124 ./FreeRTOS/Sources/list.o
 .debug_macro   0x0000be3f       0xdc ./FreeRTOS/Sources/port.o
 .debug_macro   0x0000bf1b      0x1a6 ./FreeRTOS/Sources/queue.o
 .debug_macro   0x0000c0c1       0x10 ./FreeRTOS/Sources/queue.o
 .debug_macro   0x0000c0d1       0x12 ./FreeRTOS/Sources/queue.o
 .debug_macro   0x0000c0e3       0x1c ./FreeRTOS/Sources/queue.o
 .debug_macro   0x0000c0ff       0x9c ./FreeRTOS/Sources/queue.o
 .debug_macro   0x0000c19b      0x220 ./FreeRTOS/Sources/tasks.o
 .debug_macro   0x0000c3bb       0x10 ./FreeRTOS/Sources/tasks.o
 .debug_macro   0x0000c3cb       0x89 ./FreeRTOS/Sources/tasks.o
 .debug_macro   0x0000c454       0x10 ./FreeRTOS/Sources/tasks.o
 .debug_macro   0x0000c464       0x10 ./FreeRTOS/Sources/tasks.o
 .debug_macro   0x0000c474       0xf5 ./FreeRTOS/Sources/tasks.o
 .debug_macro   0x0000c569       0x22 ./FreeRTOS/Sources/tasks.o
 .debug_macro   0x0000c58b       0x91 ./FreeRTOS/Sources/tasks.o
 .debug_macro   0x0000c61c       0x16 ./FreeRTOS/Sources/tasks.o
 .debug_macro   0x0000c632      0x16d ./FreeRTOS/Sources/tasks.o
 .debug_macro   0x0000c79f       0x35 ./FreeRTOS/Sources/tasks.o
 .debug_macro   0x0000c7d4       0x23 ./FreeRTOS/Sources/tasks.o
 .debug_macro   0x0000c7f7       0x5b ./FreeRTOS/Sources/tasks.o
 .debug_macro   0x0000c852       0x17 ./FreeRTOS/Sources/tasks.o
 .debug_macro   0x0000c869       0xaa ./FreeRTOS/Sources/timers.o
 .debug_macro   0x0000c913       0x68 ./CMSIS/system_stm32f10x.o
 .debug_macro   0x0000c97b      0x155 ./main.o
 .debug_macro   0x0000cad0      0x220 ./main.o
 .debug_macro   0x0000ccf0       0x9a ./main.o

.debug_line     0x00000000     0x5382
 .debug_line    0x00000000      0x3d1 ./Work/Sources/ds1821.o
 .debug_line    0x000003d1      0x3ab ./Work/Sources/oneWire.o
 .debug_line    0x0000077c      0x2b5 ./Work/Sources/serial.o
 .debug_line    0x00000a31      0x2a4 ./Work/Sources/stm32_GPIO.o
 .debug_line    0x00000cd5      0x34d ./Work/Sources/timer6.o
 .debug_line    0x00001022      0x249 ./StdPeripheralDriver/src/misc.o
 .debug_line    0x0000126b      0x2a3 ./StdPeripheralDriver/src/stm32f10x_exti.o
 .debug_line    0x0000150e      0x3c6 ./StdPeripheralDriver/src/stm32f10x_gpio.o
 .debug_line    0x000018d4      0x4d0 ./StdPeripheralDriver/src/stm32f10x_rcc.o
 .debug_line    0x00001da4      0xaab ./StdPeripheralDriver/src/stm32f10x_tim.o
 .debug_line    0x0000284f      0x49b ./StdPeripheralDriver/src/stm32f10x_usart.o
 .debug_line    0x00002cea      0x3ba ./FreeRTOS/Sources/heap_1.o
 .debug_line    0x000030a4      0x3c9 ./FreeRTOS/Sources/list.o
 .debug_line    0x0000346d      0x24c ./FreeRTOS/Sources/port.o
 .debug_line    0x000036b9      0x731 ./FreeRTOS/Sources/queue.o
 .debug_line    0x00003dea      0xa30 ./FreeRTOS/Sources/tasks.o
 .debug_line    0x0000481a      0x35b ./FreeRTOS/Sources/timers.o
 .debug_line    0x00004b75       0x7e ./CMSIS/startup_stm32f10x_md_vl.o
 .debug_line    0x00004bf3      0x207 ./CMSIS/system_stm32f10x.o
 .debug_line    0x00004dfa      0x588 ./main.o

.debug_str      0x00000000    0x46368
 .debug_str     0x00000000    0x3bb90 ./Work/Sources/ds1821.o
                              0x3bd31 (size before relaxing)
 .debug_str     0x0003bb90       0x7e ./Work/Sources/oneWire.o
                              0x3bbdd (size before relaxing)
 .debug_str     0x0003bc0e     0x1536 ./Work/Sources/serial.o
                              0x32832 (size before relaxing)
 .debug_str     0x0003d144      0x177 ./Work/Sources/stm32_GPIO.o
                              0x33167 (size before relaxing)
 .debug_str     0x0003d2bb      0x486 ./Work/Sources/timer6.o
                              0x3a206 (size before relaxing)
 .debug_str     0x0003d741      0x1c4 ./StdPeripheralDriver/src/misc.o
                              0x31a17 (size before relaxing)
 .debug_str     0x0003d905      0x7de ./StdPeripheralDriver/src/stm32f10x_exti.o
                              0x31b07 (size before relaxing)
 .debug_str     0x0003e0e3      0x47b ./StdPeripheralDriver/src/stm32f10x_gpio.o
                              0x35961 (size before relaxing)
 .debug_str     0x0003e55e      0xbd3 ./StdPeripheralDriver/src/stm32f10x_rcc.o
                              0x34321 (size before relaxing)
 .debug_str     0x0003f131      0xb33 ./StdPeripheralDriver/src/stm32f10x_tim.o
                              0x38c0a (size before relaxing)
 .debug_str     0x0003fc64      0x7d9 ./StdPeripheralDriver/src/stm32f10x_usart.o
                              0x35402 (size before relaxing)
 .debug_str     0x0004043d     0x2381 ./FreeRTOS/Sources/heap_1.o
                               0x5f91 (size before relaxing)
 .debug_str     0x000427be      0x13f ./FreeRTOS/Sources/list.o
                               0x5c68 (size before relaxing)
 .debug_str     0x000428fd      0x4e9 ./FreeRTOS/Sources/port.o
                               0x48e5 (size before relaxing)
 .debug_str     0x00042de6      0xe82 ./FreeRTOS/Sources/queue.o
                               0x6dfc (size before relaxing)
 .debug_str     0x00043c68     0x2112 ./FreeRTOS/Sources/tasks.o
                               0x8136 (size before relaxing)
 .debug_str     0x00045d7a      0x36d ./FreeRTOS/Sources/timers.o
                               0x566c (size before relaxing)
 .debug_str     0x000460e7       0x88 ./CMSIS/system_stm32f10x.o
                              0x31483 (size before relaxing)
 .debug_str     0x0004616f      0x1f9 ./main.o
                              0x3e72e (size before relaxing)

.comment        0x00000000       0x70
 .comment       0x00000000       0x70 ./Work/Sources/ds1821.o
                                 0x71 (size before relaxing)
 .comment       0x00000000       0x71 ./Work/Sources/oneWire.o
 .comment       0x00000000       0x71 ./Work/Sources/serial.o
 .comment       0x00000000       0x71 ./Work/Sources/stm32_GPIO.o
 .comment       0x00000000       0x71 ./Work/Sources/timer6.o
 .comment       0x00000000       0x71 ./StdPeripheralDriver/src/misc.o
 .comment       0x00000000       0x71 ./StdPeripheralDriver/src/stm32f10x_exti.o
 .comment       0x00000000       0x71 ./StdPeripheralDriver/src/stm32f10x_gpio.o
 .comment       0x00000000       0x71 ./StdPeripheralDriver/src/stm32f10x_rcc.o
 .comment       0x00000000       0x71 ./StdPeripheralDriver/src/stm32f10x_tim.o
 .comment       0x00000000       0x71 ./StdPeripheralDriver/src/stm32f10x_usart.o
 .comment       0x00000000       0x71 ./FreeRTOS/Sources/heap_1.o
 .comment       0x00000000       0x71 ./FreeRTOS/Sources/list.o
 .comment       0x00000000       0x71 ./FreeRTOS/Sources/port.o
 .comment       0x00000000       0x71 ./FreeRTOS/Sources/queue.o
 .comment       0x00000000       0x71 ./FreeRTOS/Sources/tasks.o
 .comment       0x00000000       0x71 ./FreeRTOS/Sources/timers.o
 .comment       0x00000000       0x71 ./CMSIS/system_stm32f10x.o
 .comment       0x00000000       0x71 ./main.o

.debug_frame    0x00000000     0x2708
 .debug_frame   0x00000000       0xf0 ./Work/Sources/ds1821.o
 .debug_frame   0x000000f0       0xb0 ./Work/Sources/oneWire.o
 .debug_frame   0x000001a0       0x90 ./Work/Sources/serial.o
 .debug_frame   0x00000230       0xe4 ./Work/Sources/stm32_GPIO.o
 .debug_frame   0x00000314       0xa0 ./Work/Sources/timer6.o
 .debug_frame   0x000003b4       0x9c ./StdPeripheralDriver/src/misc.o
 .debug_frame   0x00000450       0xf0 ./StdPeripheralDriver/src/stm32f10x_exti.o
 .debug_frame   0x00000540      0x210 ./StdPeripheralDriver/src/stm32f10x_gpio.o
 .debug_frame   0x00000750      0x3b0 ./StdPeripheralDriver/src/stm32f10x_rcc.o
 .debug_frame   0x00000b00      0xa20 ./StdPeripheralDriver/src/stm32f10x_tim.o
 .debug_frame   0x00001520      0x344 ./StdPeripheralDriver/src/stm32f10x_usart.o
 .debug_frame   0x00001864       0x88 ./FreeRTOS/Sources/heap_1.o
 .debug_frame   0x000018ec       0x9c ./FreeRTOS/Sources/list.o
 .debug_frame   0x00001988      0x140 ./FreeRTOS/Sources/port.o
 .debug_frame   0x00001ac8      0x250 ./FreeRTOS/Sources/queue.o
 .debug_frame   0x00001d18      0x47c ./FreeRTOS/Sources/tasks.o
 .debug_frame   0x00002194      0x1c4 ./FreeRTOS/Sources/timers.o
 .debug_frame   0x00002358       0x80 ./CMSIS/system_stm32f10x.o
 .debug_frame   0x000023d8      0x27c ./main.o
 .debug_frame   0x00002654       0x2c /home/frolls/ARM/gcc-arm-none-eabi-4_7-2012q4/bin/../lib/gcc/arm-none-eabi/4.7.3/../../../../arm-none-eabi/lib/armv7-m/libg.a(lib_a-memcmp.o)
 .debug_frame   0x00002680       0x30 /home/frolls/ARM/gcc-arm-none-eabi-4_7-2012q4/bin/../lib/gcc/arm-none-eabi/4.7.3/../../../../arm-none-eabi/lib/armv7-m/libg.a(lib_a-memcpy.o)
 .debug_frame   0x000026b0       0x2c /home/frolls/ARM/gcc-arm-none-eabi-4_7-2012q4/bin/../lib/gcc/arm-none-eabi/4.7.3/../../../../arm-none-eabi/lib/armv7-m/libg.a(lib_a-memset.o)
 .debug_frame   0x000026dc       0x2c /home/frolls/ARM/gcc-arm-none-eabi-4_7-2012q4/bin/../lib/gcc/arm-none-eabi/4.7.3/../../../../arm-none-eabi/lib/armv7-m/libg.a(lib_a-strncpy.o)
